Archive member included because of file (symbol)

arduino.ar(variant.cpp.o)     ./.ino.cpp.o (Serial)
arduino.ar(Print.cpp.o)       ./.ino.cpp.o (Print::print(char const*))
arduino.ar(RingBuffer.cpp.o)  arduino.ar(variant.cpp.o) (RingBuffer::RingBuffer())
arduino.ar(UARTClass.cpp.o)   arduino.ar(variant.cpp.o) (UARTClass::available())
arduino.ar(USARTClass.cpp.o)  arduino.ar(variant.cpp.o) (USARTClass::USARTClass(Usart*, IRQn, unsigned long, RingBuffer*, RingBuffer*))
arduino.ar(abi.cpp.o)         arduino.ar(Print.cpp.o) (__cxa_pure_virtual)
arduino.ar(main.cpp.o)        /Users/davidminnix/eclipse/cpp-neon/Eclipse.app/Contents/Eclipse/arduinoPlugin/tools/arduino/arm-none-eabi-gcc/4.8.3-2014q1/bin/../lib/gcc/arm-none-eabi/4.8.3/../../../../arm-none-eabi/lib/armv7-m/crt0.o (main)
arduino.ar(syscalls_sam3.c.o)
                              (_sbrk)
arduino.ar(watchdog.cpp.o)    arduino.ar(main.cpp.o) (watchdogSetup())
arduino.ar(wiring.c.o)        ./.ino.cpp.o (delay)
arduino.ar(wiring_analog.c.o)
                              arduino.ar(variant.cpp.o) (analogOutputInit)
arduino.ar(wiring_digital.c.o)
                              arduino.ar(wiring_analog.c.o) (pinMode)
arduino.ar(USBCore.cpp.o)     arduino.ar(main.cpp.o) (USBDevice_::attach())
arduino.ar(hooks.c.o)         arduino.ar(wiring.c.o) (yield)
arduino.ar(CDC.cpp.o)         arduino.ar(USBCore.cpp.o) (Serial_::accept())
arduino.ar(PluggableUSB.cpp.o)
                              arduino.ar(USBCore.cpp.o) (PluggableUSB_::getInterface(unsigned char*))
arduino.ar(Reset.cpp.o)       arduino.ar(CDC.cpp.o) (initiateReset)
/Users/davidminnix/eclipse/cpp-neon/Eclipse.app/Contents/Eclipse/arduinoPlugin/packages/arduino/hardware/sam/1.6.11/variants/arduino_due_x/libsam_sam3x8e_gcc_rel.a(pio.o)
                              arduino.ar(wiring_digital.c.o) (PIO_PullUp)
/Users/davidminnix/eclipse/cpp-neon/Eclipse.app/Contents/Eclipse/arduinoPlugin/packages/arduino/hardware/sam/1.6.11/variants/arduino_due_x/libsam_sam3x8e_gcc_rel.a(pmc.o)
                              arduino.ar(variant.cpp.o) (pmc_enable_periph_clk)
/Users/davidminnix/eclipse/cpp-neon/Eclipse.app/Contents/Eclipse/arduinoPlugin/packages/arduino/hardware/sam/1.6.11/variants/arduino_due_x/libsam_sam3x8e_gcc_rel.a(pwmc.o)
                              arduino.ar(wiring_analog.c.o) (PWMC_ConfigureChannel)
/Users/davidminnix/eclipse/cpp-neon/Eclipse.app/Contents/Eclipse/arduinoPlugin/packages/arduino/hardware/sam/1.6.11/variants/arduino_due_x/libsam_sam3x8e_gcc_rel.a(tc.o)
                              arduino.ar(wiring_analog.c.o) (TC_Configure)
/Users/davidminnix/eclipse/cpp-neon/Eclipse.app/Contents/Eclipse/arduinoPlugin/packages/arduino/hardware/sam/1.6.11/variants/arduino_due_x/libsam_sam3x8e_gcc_rel.a(timetick.o)
                              arduino.ar(wiring.c.o) (GetTickCount)
/Users/davidminnix/eclipse/cpp-neon/Eclipse.app/Contents/Eclipse/arduinoPlugin/packages/arduino/hardware/sam/1.6.11/variants/arduino_due_x/libsam_sam3x8e_gcc_rel.a(wdt.o)
                              arduino.ar(watchdog.cpp.o) (WDT_Enable)
/Users/davidminnix/eclipse/cpp-neon/Eclipse.app/Contents/Eclipse/arduinoPlugin/packages/arduino/hardware/sam/1.6.11/variants/arduino_due_x/libsam_sam3x8e_gcc_rel.a(system_sam3xa.o)
                              arduino.ar(variant.cpp.o) (SystemInit)
/Users/davidminnix/eclipse/cpp-neon/Eclipse.app/Contents/Eclipse/arduinoPlugin/packages/arduino/hardware/sam/1.6.11/variants/arduino_due_x/libsam_sam3x8e_gcc_rel.a(startup_sam3xa.o)
                              (Reset_Handler)
/Users/davidminnix/eclipse/cpp-neon/Eclipse.app/Contents/Eclipse/arduinoPlugin/packages/arduino/hardware/sam/1.6.11/variants/arduino_due_x/libsam_sam3x8e_gcc_rel.a(adc.o)
                              arduino.ar(variant.cpp.o) (adc_init)
/Users/davidminnix/eclipse/cpp-neon/Eclipse.app/Contents/Eclipse/arduinoPlugin/packages/arduino/hardware/sam/1.6.11/variants/arduino_due_x/libsam_sam3x8e_gcc_rel.a(uotghs.o)
                              /Users/davidminnix/eclipse/cpp-neon/Eclipse.app/Contents/Eclipse/arduinoPlugin/packages/arduino/hardware/sam/1.6.11/variants/arduino_due_x/libsam_sam3x8e_gcc_rel.a(startup_sam3xa.o) (UOTGHS_Handler)
/Users/davidminnix/eclipse/cpp-neon/Eclipse.app/Contents/Eclipse/arduinoPlugin/packages/arduino/hardware/sam/1.6.11/variants/arduino_due_x/libsam_sam3x8e_gcc_rel.a(interrupt_sam_nvic.o)
                              arduino.ar(USBCore.cpp.o) (g_interrupt_enabled)
/Users/davidminnix/eclipse/cpp-neon/Eclipse.app/Contents/Eclipse/arduinoPlugin/packages/arduino/hardware/sam/1.6.11/variants/arduino_due_x/libsam_sam3x8e_gcc_rel.a(uotghs_device.o)
                              arduino.ar(USBCore.cpp.o) (UDD_SetStack)
/Users/davidminnix/eclipse/cpp-neon/Eclipse.app/Contents/Eclipse/arduinoPlugin/packages/arduino/hardware/sam/1.6.11/variants/arduino_due_x/libsam_sam3x8e_gcc_rel.a(dacc.o)
                              arduino.ar(wiring_analog.c.o) (dacc_reset)
[...]
Memory Configuration

Name             Origin             Length             Attributes
rom              0x0000000000080000 0x0000000000080000 xr
sram0            0x0000000020000000 0x0000000000010000 xrw
sram1            0x0000000020080000 0x0000000000008000 xrw
ram              0x0000000020070000 0x0000000000018000 xrw
*default*        0x0000000000000000 0xffffffffffffffff

Linker script and memory map

LOAD /Users/davidminnix/eclipse/cpp-neon/Eclipse.app/Contents/Eclipse/arduinoPlugin/tools/arduino/arm-none-eabi-gcc/4.8.3-2014q1/bin/../lib/gcc/arm-none-eabi/4.8.3/armv7-m/crti.o
LOAD /Users/davidminnix/eclipse/cpp-neon/Eclipse.app/Contents/Eclipse/arduinoPlugin/tools/arduino/arm-none-eabi-gcc/4.8.3-2014q1/bin/../lib/gcc/arm-none-eabi/4.8.3/armv7-m/crtbegin.o
LOAD /Users/davidminnix/eclipse/cpp-neon/Eclipse.app/Contents/Eclipse/arduinoPlugin/tools/arduino/arm-none-eabi-gcc/4.8.3-2014q1/bin/../lib/gcc/arm-none-eabi/4.8.3/../../../../arm-none-eabi/lib/armv7-m/crt0.o
START GROUP
LOAD ./.ino.cpp.o
LOAD ./libraries/src/factorial.cpp.o
LOAD arduino.ar
LOAD /Users/davidminnix/eclipse/cpp-neon/Eclipse.app/Contents/Eclipse/arduinoPlugin/packages/arduino/hardware/sam/1.6.11/variants/arduino_due_x/libsam_sam3x8e_gcc_rel.a
END GROUP
LOAD /Users/davidminnix/eclipse/cpp-neon/Eclipse.app/Contents/Eclipse/arduinoPlugin/tools/arduino/arm-none-eabi-gcc/4.8.3-2014q1/bin/../lib/gcc/arm-none-eabi/4.8.3/../../../../arm-none-eabi/lib/armv7-m/libm.a
START GROUP
LOAD /Users/davidminnix/eclipse/cpp-neon/Eclipse.app/Contents/Eclipse/arduinoPlugin/tools/arduino/arm-none-eabi-gcc/4.8.3-2014q1/bin/../lib/gcc/arm-none-eabi/4.8.3/armv7-m/libgcc.a
LOAD /Users/davidminnix/eclipse/cpp-neon/Eclipse.app/Contents/Eclipse/arduinoPlugin/tools/arduino/arm-none-eabi-gcc/4.8.3-2014q1/bin/../lib/gcc/arm-none-eabi/4.8.3/../../../../arm-none-eabi/lib/armv7-m/libg.a
LOAD /Users/davidminnix/eclipse/cpp-neon/Eclipse.app/Contents/Eclipse/arduinoPlugin/tools/arduino/arm-none-eabi-gcc/4.8.3-2014q1/bin/../lib/gcc/arm-none-eabi/4.8.3/../../../../arm-none-eabi/lib/armv7-m/libc.a
END GROUP
LOAD /Users/davidminnix/eclipse/cpp-neon/Eclipse.app/Contents/Eclipse/arduinoPlugin/tools/arduino/arm-none-eabi-gcc/4.8.3-2014q1/bin/../lib/gcc/arm-none-eabi/4.8.3/armv7-m/crtend.o
LOAD /Users/davidminnix/eclipse/cpp-neon/Eclipse.app/Contents/Eclipse/arduinoPlugin/tools/arduino/arm-none-eabi-gcc/4.8.3-2014q1/bin/../lib/gcc/arm-none-eabi/4.8.3/armv7-m/crtn.o

.text           0x0000000000080000     0x57d4
                0x0000000000080000                . = ALIGN (0x4)
                0x0000000000080000                _sfixed = .
 *(.vectors .vectors.*)
 .vectors       0x0000000000080000       0xf4 /Users/davidminnix/eclipse/cpp-neon/Eclipse.app/Contents/Eclipse/arduinoPlugin/packages/arduino/hardware/sam/1.6.11/variants/arduino_due_x/libsam_sam3x8e_gcc_rel.a(startup_sam3xa.o)
                0x0000000000080000                exception_table
 *(.text .text.* .gnu.linkonce.t.*)
 .text          0x00000000000800f4       0x54 /Users/davidminnix/eclipse/cpp-neon/Eclipse.app/Contents/Eclipse/arduinoPlugin/tools/arduino/arm-none-eabi-gcc/4.8.3-2014q1/bin/../lib/gcc/arm-none-eabi/4.8.3/armv7-m/crtbegin.o
 .text.loop     0x0000000000080148       0x50 ./.ino.cpp.o
                0x0000000000080148                loop
 .text.setup    0x0000000000080198       0x24 ./.ino.cpp.o
                0x0000000000080198                setup
 .text._Z9factoriali
                0x00000000000801bc       0x12 ./libraries/src/factorial.cpp.o
                0x00000000000801bc                factorial(int)
 .text._Z11serialEventv
                0x00000000000801ce        0x2 arduino.ar(variant.cpp.o)
                0x00000000000801ce                serialEvent()
 .text.UART_Handler
                0x00000000000801d0        0xc arduino.ar(variant.cpp.o)
                0x00000000000801d0                UART_Handler
 .text._Z12serialEvent1v
                0x00000000000801dc        0x2 arduino.ar(variant.cpp.o)
                0x00000000000801dc                serialEvent1()
 .text._Z12serialEvent2v
                0x00000000000801de        0x2 arduino.ar(variant.cpp.o)
                0x00000000000801de                serialEvent2()
 .text._Z12serialEvent3v
                0x00000000000801e0        0x2 arduino.ar(variant.cpp.o)
                0x00000000000801e0                serialEvent3()
 *fill*         0x00000000000801e2        0x2 
 .text.USART0_Handler
                0x00000000000801e4        0xc arduino.ar(variant.cpp.o)
                0x00000000000801e4                USART0_Handler
 .text.USART1_Handler
                0x00000000000801f0        0xc arduino.ar(variant.cpp.o)
                0x00000000000801f0                USART1_Handler
 .text.USART3_Handler
                0x00000000000801fc        0xc arduino.ar(variant.cpp.o)
                0x00000000000801fc                USART3_Handler
 .text.init     0x0000000000080208      0x128 arduino.ar(variant.cpp.o)
                0x0000000000080208                init
 .text.startup._GLOBAL__sub_I_g_APinDescription
                0x0000000000080330       0xd4 arduino.ar(variant.cpp.o)
 .text._Z14serialEventRunv
                0x0000000000080404       0x44 arduino.ar(variant.cpp.o)
                0x0000000000080404                serialEventRun()
 .text._ZN5Print5writeEPKhj
                0x0000000000080448       0x22 arduino.ar(Print.cpp.o)
                0x0000000000080448                Print::write(unsigned char const*, unsigned int)
 .text._ZN5Print5writeEPKc
                0x000000000008046a       0x1e arduino.ar(Print.cpp.o)
                0x000000000008046a                Print::write(char const*)
 .text._ZN5Print5printEPKc
                0x0000000000080488        0x8 arduino.ar(Print.cpp.o)
                0x0000000000080488                Print::print(char const*)
 .text._ZN5Print5printEc
                0x0000000000080490        0xa arduino.ar(Print.cpp.o)
                0x0000000000080490                Print::print(char)
 *fill*         0x000000000008049a        0x2 
 .text._ZN5Print7printlnEv
                0x000000000008049c       0x10 arduino.ar(Print.cpp.o)
                0x000000000008049c                Print::println()
 .text._ZN5Print7printlnEPKc
                0x00000000000804ac       0x14 arduino.ar(Print.cpp.o)
                0x00000000000804ac                Print::println(char const*)
 .text._ZN5Print11printNumberEmh
                0x00000000000804c0       0x3e arduino.ar(Print.cpp.o)
                0x00000000000804c0                Print::printNumber(unsigned long, unsigned char)
 .text._ZN5Print5printEli
                0x00000000000804fe       0x3c arduino.ar(Print.cpp.o)
                0x00000000000804fe                Print::print(long, int)
 .text._ZN5Print7printlnEii
                0x000000000008053a       0x14 arduino.ar(Print.cpp.o)
                0x000000000008053a                Print::println(int, int)
 .text._ZN10RingBufferC2Ev
                0x000000000008054e       0x1a arduino.ar(RingBuffer.cpp.o)
                0x000000000008054e                RingBuffer::RingBuffer()
                0x000000000008054e                RingBuffer::RingBuffer()
 .text._ZN10RingBuffer10store_charEh
                0x0000000000080568       0x1e arduino.ar(RingBuffer.cpp.o)
                0x0000000000080568                RingBuffer::store_char(unsigned char)
 .text._ZN9UARTClasscvbEv
                0x0000000000080586        0x4 arduino.ar(UARTClass.cpp.o)
                0x0000000000080586                UARTClass::operator bool()
 .text._ZN9UARTClass9availableEv
                0x000000000008058a       0x12 arduino.ar(UARTClass.cpp.o)
                0x000000000008058a                UARTClass::available()
 .text._ZN9UARTClass4peekEv
                0x000000000008059c       0x1c arduino.ar(UARTClass.cpp.o)
                0x000000000008059c                UARTClass::peek()
 .text._ZN9UARTClass4readEv
                0x00000000000805b8       0x2a arduino.ar(UARTClass.cpp.o)
                0x00000000000805b8                UARTClass::read()
 .text._ZN9UARTClass5flushEv
                0x00000000000805e2       0x18 arduino.ar(UARTClass.cpp.o)
                0x00000000000805e2                UARTClass::flush()
 *fill*         0x00000000000805fa        0x2 
 .text._ZN9UARTClass5writeEh
                0x00000000000805fc       0x54 arduino.ar(UARTClass.cpp.o)
                0x00000000000805fc                UARTClass::write(unsigned char)
 .text._ZN9UARTClass3endEv
                0x0000000000080650       0x3c arduino.ar(UARTClass.cpp.o)
                0x0000000000080650                UARTClass::end()
 .text._ZN9UARTClassC2EP4Uart4IRQnmP10RingBufferS4_
                0x000000000008068c       0x24 arduino.ar(UARTClass.cpp.o)
                0x000000000008068c                UARTClass::UARTClass(Uart*, IRQn, unsigned long, RingBuffer*, RingBuffer*)
                0x000000000008068c                UARTClass::UARTClass(Uart*, IRQn, unsigned long, RingBuffer*, RingBuffer*)
 .text._ZN9UARTClass4initEmm
                0x00000000000806b0       0x70 arduino.ar(UARTClass.cpp.o)
                0x00000000000806b0                UARTClass::init(unsigned long, unsigned long)
 .text._ZN9UARTClass5beginEm
                0x0000000000080720        0x8 arduino.ar(UARTClass.cpp.o)
                0x0000000000080720                UARTClass::begin(unsigned long)
 .text._ZN9UARTClass10IrqHandlerEv
                0x0000000000080728       0x5a arduino.ar(UARTClass.cpp.o)
                0x0000000000080728                UARTClass::IrqHandler()
 .text._ZN10USARTClass5beginEm
                0x0000000000080782        0x8 arduino.ar(USARTClass.cpp.o)
                0x0000000000080782                USARTClass::begin(unsigned long)
 *fill*         0x000000000008078a        0x2 
 .text._ZN10USARTClassC2EP5Usart4IRQnmP10RingBufferS4_
                0x000000000008078c       0x24 arduino.ar(USARTClass.cpp.o)
                0x000000000008078c                USARTClass::USARTClass(Usart*, IRQn, unsigned long, RingBuffer*, RingBuffer*)
                0x000000000008078c                USARTClass::USARTClass(Usart*, IRQn, unsigned long, RingBuffer*, RingBuffer*)
 .text.initVariant
                0x00000000000807b0        0x2 arduino.ar(main.cpp.o)
                0x00000000000807b0                initVariant
 *fill*         0x00000000000807b2        0x2 
 .text.startup.main
                0x00000000000807b4       0x38 arduino.ar(main.cpp.o)
                0x00000000000807b4                main
 .text._sbrk    0x00000000000807ec       0x1c arduino.ar(syscalls_sam3.c.o)
                0x00000000000807ec                _sbrk
 .text.link     0x0000000000080808        0x6 arduino.ar(syscalls_sam3.c.o)
                0x0000000000080808                link
 .text._close   0x000000000008080e        0x6 arduino.ar(syscalls_sam3.c.o)
                0x000000000008080e                _close
 .text._fstat   0x0000000000080814        0xa arduino.ar(syscalls_sam3.c.o)
                0x0000000000080814                _fstat
 .text._isatty  0x000000000008081e        0x4 arduino.ar(syscalls_sam3.c.o)
                0x000000000008081e                _isatty
 .text._lseek   0x0000000000080822        0x4 arduino.ar(syscalls_sam3.c.o)
                0x0000000000080822                _lseek
 .text._read    0x0000000000080826        0x4 arduino.ar(syscalls_sam3.c.o)
                0x0000000000080826                _read
 *fill*         0x000000000008082a        0x2 
 .text._write   0x000000000008082c       0x24 arduino.ar(syscalls_sam3.c.o)
                0x000000000008082c                _write
 .text._exit    0x0000000000080850       0x10 arduino.ar(syscalls_sam3.c.o)
                0x0000000000080850                _exit
 .text._kill    0x0000000000080860        0x2 arduino.ar(syscalls_sam3.c.o)
                0x0000000000080860                _kill
 .text._getpid  0x0000000000080862        0x6 arduino.ar(syscalls_sam3.c.o)
                0x0000000000080862                _getpid
 .text._watchdogDefaultSetup
                0x0000000000080868        0xc arduino.ar(watchdog.cpp.o)
                0x0000000000080868                watchdogSetup()
                0x0000000000080868                _watchdogDefaultSetup
 .text.delay    0x0000000000080874       0x1c arduino.ar(wiring.c.o)
                0x0000000000080874                delay
 .text.analogOutputInit
                0x0000000000080890        0x2 arduino.ar(wiring_analog.c.o)
                0x0000000000080890                analogOutputInit
 *fill*         0x0000000000080892        0x2 
 .text.pinMode  0x0000000000080894      0x108 arduino.ar(wiring_digital.c.o)
                0x0000000000080894                pinMode
 .text.digitalWrite
                0x000000000008099c       0x70 arduino.ar(wiring_digital.c.o)
                0x000000000008099c                digitalWrite
 .text.unlikely._ZL11USB_SendZlpv
                0x0000000000080a0c       0x20 arduino.ar(USBCore.cpp.o)
 .text._Z14USBD_Availablem
                0x0000000000080a2c       0x2c arduino.ar(USBCore.cpp.o)
                0x0000000000080a2c                USBD_Available(unsigned long)
 .text._Z9USBD_RecvmPvm
                0x0000000000080a58       0x7c arduino.ar(USBCore.cpp.o)
                0x0000000000080a58                USBD_Recv(unsigned long, void*, unsigned long)
 .text._Z9USBD_Recvm
                0x0000000000080ad4       0x22 arduino.ar(USBCore.cpp.o)
                0x0000000000080ad4                USBD_Recv(unsigned long)
 *fill*         0x0000000000080af6        0x2 
 .text._Z9USBD_SendmPKvm
                0x0000000000080af8       0x4c arduino.ar(USBCore.cpp.o)
                0x0000000000080af8                USBD_Send(unsigned long, void const*, unsigned long)
 .text._Z16USBD_SendControlhPKvm
                0x0000000000080b44       0x40 arduino.ar(USBCore.cpp.o)
                0x0000000000080b44                USBD_SendControl(unsigned char, void const*, unsigned long)
 .text.unlikely._ZL24USB_SendStringDescriptorPKhi
                0x0000000000080b84       0x64 arduino.ar(USBCore.cpp.o)
 .text._Z16USBD_RecvControlPvm
                0x0000000000080be8       0x1c arduino.ar(USBCore.cpp.o)
                0x0000000000080be8                USBD_RecvControl(void*, unsigned long)
 .text._Z26USBD_ClassInterfaceRequestR8USBSetup
                0x0000000000080c04       0x1e arduino.ar(USBCore.cpp.o)
                0x0000000000080c04                USBD_ClassInterfaceRequest(USBSetup&)
 .text._Z19USBD_SendInterfacesv
                0x0000000000080c22       0x22 arduino.ar(USBCore.cpp.o)
                0x0000000000080c22                USBD_SendInterfaces()
 .text._Z24USBD_SendOtherInterfacesv
                0x0000000000080c44       0x22 arduino.ar(USBCore.cpp.o)
                0x0000000000080c44                USBD_SendOtherInterfaces()
 .text._Z10USBD_Flushm
                0x0000000000080c66       0x16 arduino.ar(USBCore.cpp.o)
                0x0000000000080c66                USBD_Flush(unsigned long)
 .text._ZN10USBDevice_C2Ev
                0x0000000000080c7c       0x24 arduino.ar(USBCore.cpp.o)
                0x0000000000080c7c                USBDevice_::USBDevice_()
                0x0000000000080c7c                USBDevice_::USBDevice_()
 .text._ZN10USBDevice_6attachEv
                0x0000000000080ca0       0x20 arduino.ar(USBCore.cpp.o)
                0x0000000000080ca0                USBDevice_::attach()
 .text.startup._GLOBAL__sub_I_EndPoints
                0x0000000000080cc0        0xc arduino.ar(USBCore.cpp.o)
 .text._ZL7USB_ISRv
                0x0000000000080ccc      0x454 arduino.ar(USBCore.cpp.o)
 .text.__empty  0x0000000000081120        0x2 arduino.ar(hooks.c.o)
                0x0000000000081120                yield
 .text.__false  0x0000000000081122        0x4 arduino.ar(hooks.c.o)
                0x0000000000081122                sysTickHook
 .text.__halt   0x0000000000081126        0x2 arduino.ar(hooks.c.o)
                0x0000000000081126                pendSVHook
                0x0000000000081126                svcHook
 .text._ZN7Serial_9availableEv
                0x0000000000081128       0x18 arduino.ar(CDC.cpp.o)
                0x0000000000081128                Serial_::available()
 .text._ZN7Serial_17availableForWriteEv
                0x0000000000081140        0x6 arduino.ar(CDC.cpp.o)
                0x0000000000081140                Serial_::availableForWrite()
 *fill*         0x0000000000081146        0x2 
 .text._ZN7Serial_4peekEv
                0x0000000000081148       0x20 arduino.ar(CDC.cpp.o)
                0x0000000000081148                Serial_::peek()
 .text._ZN7Serial_5writeEh
                0x0000000000081168       0x16 arduino.ar(CDC.cpp.o)
                0x0000000000081168                Serial_::write(unsigned char)
 *fill*         0x000000000008117e        0x2 
 .text._ZN7Serial_4readEv
                0x0000000000081180       0x44 arduino.ar(CDC.cpp.o)
                0x0000000000081180                Serial_::read()
 .text._ZN7Serial_5flushEv
                0x00000000000811c4        0x6 arduino.ar(CDC.cpp.o)
                0x00000000000811c4                Serial_::flush()
 *fill*         0x00000000000811ca        0x2 
 .text._ZN7Serial_6acceptEv
                0x00000000000811cc       0x70 arduino.ar(CDC.cpp.o)
                0x00000000000811cc                Serial_::accept()
 .text._ZN7Serial_5writeEPKhj
                0x000000000008123c       0x2c arduino.ar(CDC.cpp.o)
                0x000000000008123c                Serial_::write(unsigned char const*, unsigned int)
 .text._Z16CDC_GetInterfacePh
                0x0000000000081268       0x14 arduino.ar(CDC.cpp.o)
                0x0000000000081268                CDC_GetInterface(unsigned char*)
 .text._Z21CDC_GetOtherInterfacePh
                0x000000000008127c       0x14 arduino.ar(CDC.cpp.o)
                0x000000000008127c                CDC_GetOtherInterface(unsigned char*)
 .text._Z9CDC_SetupR8USBSetup
                0x0000000000081290       0x78 arduino.ar(CDC.cpp.o)
                0x0000000000081290                CDC_Setup(USBSetup&)
 .text.startup._GLOBAL__sub_I_cdc_rx_buffer
                0x0000000000081308       0x1c arduino.ar(CDC.cpp.o)
 .text._ZN13PluggableUSB_12getInterfaceEPh
                0x0000000000081324       0x28 arduino.ar(PluggableUSB.cpp.o)
                0x0000000000081324                PluggableUSB_::getInterface(unsigned char*)
 .text._ZN13PluggableUSB_13getDescriptorER8USBSetup
                0x000000000008134c       0x1c arduino.ar(PluggableUSB.cpp.o)
                0x000000000008134c                PluggableUSB_::getDescriptor(USBSetup&)
 .text._ZN13PluggableUSB_12getShortNameEPc
                0x0000000000081368       0x1c arduino.ar(PluggableUSB.cpp.o)
                0x0000000000081368                PluggableUSB_::getShortName(char*)
 .text._ZN13PluggableUSB_5setupER8USBSetup
                0x0000000000081384       0x20 arduino.ar(PluggableUSB.cpp.o)
                0x0000000000081384                PluggableUSB_::setup(USBSetup&)
 .text._Z12PluggableUSBv
                0x00000000000813a4       0x28 arduino.ar(PluggableUSB.cpp.o)
                0x00000000000813a4                PluggableUSB()
 .text.initiateReset
                0x00000000000813cc        0xc arduino.ar(Reset.cpp.o)
                0x00000000000813cc                initiateReset
 .text.cancelReset
                0x00000000000813d8       0x10 arduino.ar(Reset.cpp.o)
                0x00000000000813d8                cancelReset
 .text.tickReset
                0x00000000000813e8       0x20 arduino.ar(Reset.cpp.o)
                0x00000000000813e8                tickReset
 .text.PIO_PullUp
                0x0000000000081408        0xa /Users/davidminnix/eclipse/cpp-neon/Eclipse.app/Contents/Eclipse/arduinoPlugin/packages/arduino/hardware/sam/1.6.11/variants/arduino_due_x/libsam_sam3x8e_gcc_rel.a(pio.o)
                0x0000000000081408                PIO_PullUp
 .text.PIO_SetPeripheral
                0x0000000000081412       0x26 /Users/davidminnix/eclipse/cpp-neon/Eclipse.app/Contents/Eclipse/arduinoPlugin/packages/arduino/hardware/sam/1.6.11/variants/arduino_due_x/libsam_sam3x8e_gcc_rel.a(pio.o)
                0x0000000000081412                PIO_SetPeripheral
 .text.PIO_SetInput
                0x0000000000081438       0x26 /Users/davidminnix/eclipse/cpp-neon/Eclipse.app/Contents/Eclipse/arduinoPlugin/packages/arduino/hardware/sam/1.6.11/variants/arduino_due_x/libsam_sam3x8e_gcc_rel.a(pio.o)
                0x0000000000081438                PIO_SetInput
 .text.PIO_SetOutput
                0x000000000008145e       0x24 /Users/davidminnix/eclipse/cpp-neon/Eclipse.app/Contents/Eclipse/arduinoPlugin/packages/arduino/hardware/sam/1.6.11/variants/arduino_due_x/libsam_sam3x8e_gcc_rel.a(pio.o)
                0x000000000008145e                PIO_SetOutput
 *fill*         0x0000000000081482        0x2 
 .text.PIO_Configure
                0x0000000000081484       0x64 /Users/davidminnix/eclipse/cpp-neon/Eclipse.app/Contents/Eclipse/arduinoPlugin/packages/arduino/hardware/sam/1.6.11/variants/arduino_due_x/libsam_sam3x8e_gcc_rel.a(pio.o)
                0x0000000000081484                PIO_Configure
 .text.PIO_GetOutputDataStatus
                0x00000000000814e8       0x14 /Users/davidminnix/eclipse/cpp-neon/Eclipse.app/Contents/Eclipse/arduinoPlugin/packages/arduino/hardware/sam/1.6.11/variants/arduino_due_x/libsam_sam3x8e_gcc_rel.a(pio.o)
                0x00000000000814e8                PIO_GetOutputDataStatus
 .text.pmc_enable_upll_clock
                0x00000000000814fc       0x14 /Users/davidminnix/eclipse/cpp-neon/Eclipse.app/Contents/Eclipse/arduinoPlugin/packages/arduino/hardware/sam/1.6.11/variants/arduino_due_x/libsam_sam3x8e_gcc_rel.a(pmc.o)
                0x00000000000814fc                pmc_enable_upll_clock
 .text.pmc_enable_periph_clk
                0x0000000000081510       0x44 /Users/davidminnix/eclipse/cpp-neon/Eclipse.app/Contents/Eclipse/arduinoPlugin/packages/arduino/hardware/sam/1.6.11/variants/arduino_due_x/libsam_sam3x8e_gcc_rel.a(pmc.o)
                0x0000000000081510                pmc_enable_periph_clk
 .text.pmc_disable_periph_clk
                0x0000000000081554       0x40 /Users/davidminnix/eclipse/cpp-neon/Eclipse.app/Contents/Eclipse/arduinoPlugin/packages/arduino/hardware/sam/1.6.11/variants/arduino_due_x/libsam_sam3x8e_gcc_rel.a(pmc.o)
                0x0000000000081554                pmc_disable_periph_clk
 .text.pmc_switch_udpck_to_upllck
                0x0000000000081594       0x14 /Users/davidminnix/eclipse/cpp-neon/Eclipse.app/Contents/Eclipse/arduinoPlugin/packages/arduino/hardware/sam/1.6.11/variants/arduino_due_x/libsam_sam3x8e_gcc_rel.a(pmc.o)
                0x0000000000081594                pmc_switch_udpck_to_upllck
 .text.pmc_enable_udpck
                0x00000000000815a8        0xc /Users/davidminnix/eclipse/cpp-neon/Eclipse.app/Contents/Eclipse/arduinoPlugin/packages/arduino/hardware/sam/1.6.11/variants/arduino_due_x/libsam_sam3x8e_gcc_rel.a(pmc.o)
                0x00000000000815a8                pmc_enable_udpck
 .text.TimeTick_Increment
                0x00000000000815b4       0x10 /Users/davidminnix/eclipse/cpp-neon/Eclipse.app/Contents/Eclipse/arduinoPlugin/packages/arduino/hardware/sam/1.6.11/variants/arduino_due_x/libsam_sam3x8e_gcc_rel.a(timetick.o)
                0x00000000000815b4                TimeTick_Increment
 .text.GetTickCount
                0x00000000000815c4        0xc /Users/davidminnix/eclipse/cpp-neon/Eclipse.app/Contents/Eclipse/arduinoPlugin/packages/arduino/hardware/sam/1.6.11/variants/arduino_due_x/libsam_sam3x8e_gcc_rel.a(timetick.o)
                0x00000000000815c4                GetTickCount
 .text.WDT_Disable
                0x00000000000815d0        0x8 /Users/davidminnix/eclipse/cpp-neon/Eclipse.app/Contents/Eclipse/arduinoPlugin/packages/arduino/hardware/sam/1.6.11/variants/arduino_due_x/libsam_sam3x8e_gcc_rel.a(wdt.o)
                0x00000000000815d0                WDT_Disable
 .text.SystemInit
                0x00000000000815d8       0x88 /Users/davidminnix/eclipse/cpp-neon/Eclipse.app/Contents/Eclipse/arduinoPlugin/packages/arduino/hardware/sam/1.6.11/variants/arduino_due_x/libsam_sam3x8e_gcc_rel.a(system_sam3xa.o)
                0x00000000000815d8                SystemInit
 .text.Reset_Handler
                0x0000000000081660       0x78 /Users/davidminnix/eclipse/cpp-neon/Eclipse.app/Contents/Eclipse/arduinoPlugin/packages/arduino/hardware/sam/1.6.11/variants/arduino_due_x/libsam_sam3x8e_gcc_rel.a(startup_sam3xa.o)
                0x0000000000081660                Reset_Handler
 .text.adc_init
                0x00000000000816d8       0x98 /Users/davidminnix/eclipse/cpp-neon/Eclipse.app/Contents/Eclipse/arduinoPlugin/packages/arduino/hardware/sam/1.6.11/variants/arduino_due_x/libsam_sam3x8e_gcc_rel.a(adc.o)
                0x00000000000816d8                adc_init
 .text.adc_configure_trigger
                0x0000000000081770        0xe /Users/davidminnix/eclipse/cpp-neon/Eclipse.app/Contents/Eclipse/arduinoPlugin/packages/arduino/hardware/sam/1.6.11/variants/arduino_due_x/libsam_sam3x8e_gcc_rel.a(adc.o)
                0x0000000000081770                adc_configure_trigger
 .text.adc_configure_timing
                0x000000000008177e       0x1a /Users/davidminnix/eclipse/cpp-neon/Eclipse.app/Contents/Eclipse/arduinoPlugin/packages/arduino/hardware/sam/1.6.11/variants/arduino_due_x/libsam_sam3x8e_gcc_rel.a(adc.o)
                0x000000000008177e                adc_configure_timing
 .text.adc_disable_channel
                0x0000000000081798        0xa /Users/davidminnix/eclipse/cpp-neon/Eclipse.app/Contents/Eclipse/arduinoPlugin/packages/arduino/hardware/sam/1.6.11/variants/arduino_due_x/libsam_sam3x8e_gcc_rel.a(adc.o)
                0x0000000000081798                adc_disable_channel
 .text.adc_disable_all_channel
                0x00000000000817a2        0x8 /Users/davidminnix/eclipse/cpp-neon/Eclipse.app/Contents/Eclipse/arduinoPlugin/packages/arduino/hardware/sam/1.6.11/variants/arduino_due_x/libsam_sam3x8e_gcc_rel.a(adc.o)
                0x00000000000817a2                adc_disable_all_channel
 .text.adc_disable_interrupt
                0x00000000000817aa        0x4 /Users/davidminnix/eclipse/cpp-neon/Eclipse.app/Contents/Eclipse/arduinoPlugin/packages/arduino/hardware/sam/1.6.11/variants/arduino_due_x/libsam_sam3x8e_gcc_rel.a(adc.o)
                0x00000000000817aa                adc_disable_interrupt
 *fill*         0x00000000000817ae        0x2 
 .text.UOTGHS_Handler
                0x00000000000817b0       0x10 /Users/davidminnix/eclipse/cpp-neon/Eclipse.app/Contents/Eclipse/arduinoPlugin/packages/arduino/hardware/sam/1.6.11/variants/arduino_due_x/libsam_sam3x8e_gcc_rel.a(uotghs.o)
                0x00000000000817b0                UOTGHS_Handler
 .text.UDD_SetStack
                0x00000000000817c0        0xc /Users/davidminnix/eclipse/cpp-neon/Eclipse.app/Contents/Eclipse/arduinoPlugin/packages/arduino/hardware/sam/1.6.11/variants/arduino_due_x/libsam_sam3x8e_gcc_rel.a(uotghs_device.o)
                0x00000000000817c0                UDD_SetStack
 .text.UDD_Init
                0x00000000000817cc       0xd0 /Users/davidminnix/eclipse/cpp-neon/Eclipse.app/Contents/Eclipse/arduinoPlugin/packages/arduino/hardware/sam/1.6.11/variants/arduino_due_x/libsam_sam3x8e_gcc_rel.a(uotghs_device.o)
                0x00000000000817cc                UDD_Init
 .text.UDD_Attach
                0x000000000008189c       0x50 /Users/davidminnix/eclipse/cpp-neon/Eclipse.app/Contents/Eclipse/arduinoPlugin/packages/arduino/hardware/sam/1.6.11/variants/arduino_due_x/libsam_sam3x8e_gcc_rel.a(uotghs_device.o)
                0x000000000008189c                UDD_Attach
 .text.UDD_InitEP
                0x00000000000818ec       0x2c /Users/davidminnix/eclipse/cpp-neon/Eclipse.app/Contents/Eclipse/arduinoPlugin/packages/arduino/hardware/sam/1.6.11/variants/arduino_due_x/libsam_sam3x8e_gcc_rel.a(uotghs_device.o)
                0x00000000000818ec                UDD_InitEP
 .text.UDD_InitEndpoints
                0x0000000000081918       0x3c /Users/davidminnix/eclipse/cpp-neon/Eclipse.app/Contents/Eclipse/arduinoPlugin/packages/arduino/hardware/sam/1.6.11/variants/arduino_due_x/libsam_sam3x8e_gcc_rel.a(uotghs_device.o)
                0x0000000000081918                UDD_InitEndpoints
 .text.UDD_WaitIN
                0x0000000000081954       0x10 /Users/davidminnix/eclipse/cpp-neon/Eclipse.app/Contents/Eclipse/arduinoPlugin/packages/arduino/hardware/sam/1.6.11/variants/arduino_due_x/libsam_sam3x8e_gcc_rel.a(uotghs_device.o)
                0x0000000000081954                UDD_WaitIN
 .text.UDD_WaitOUT
                0x0000000000081964       0x10 /Users/davidminnix/eclipse/cpp-neon/Eclipse.app/Contents/Eclipse/arduinoPlugin/packages/arduino/hardware/sam/1.6.11/variants/arduino_due_x/libsam_sam3x8e_gcc_rel.a(uotghs_device.o)
                0x0000000000081964                UDD_WaitOUT
 .text.UDD_ClearIN
                0x0000000000081974       0x18 /Users/davidminnix/eclipse/cpp-neon/Eclipse.app/Contents/Eclipse/arduinoPlugin/packages/arduino/hardware/sam/1.6.11/variants/arduino_due_x/libsam_sam3x8e_gcc_rel.a(uotghs_device.o)
                0x0000000000081974                UDD_ClearIN
 .text.UDD_ClearOUT
                0x000000000008198c       0x18 /Users/davidminnix/eclipse/cpp-neon/Eclipse.app/Contents/Eclipse/arduinoPlugin/packages/arduino/hardware/sam/1.6.11/variants/arduino_due_x/libsam_sam3x8e_gcc_rel.a(uotghs_device.o)
                0x000000000008198c                UDD_ClearOUT
 .text.UDD_ReceivedSetupInt
                0x00000000000819a4       0x10 /Users/davidminnix/eclipse/cpp-neon/Eclipse.app/Contents/Eclipse/arduinoPlugin/packages/arduino/hardware/sam/1.6.11/variants/arduino_due_x/libsam_sam3x8e_gcc_rel.a(uotghs_device.o)
                0x00000000000819a4                UDD_ReceivedSetupInt
 .text.UDD_ClearSetupInt
                0x00000000000819b4       0x10 /Users/davidminnix/eclipse/cpp-neon/Eclipse.app/Contents/Eclipse/arduinoPlugin/packages/arduino/hardware/sam/1.6.11/variants/arduino_due_x/libsam_sam3x8e_gcc_rel.a(uotghs_device.o)
                0x00000000000819b4                UDD_ClearSetupInt
 .text.UDD_Send
                0x00000000000819c4       0x88 /Users/davidminnix/eclipse/cpp-neon/Eclipse.app/Contents/Eclipse/arduinoPlugin/packages/arduino/hardware/sam/1.6.11/variants/arduino_due_x/libsam_sam3x8e_gcc_rel.a(uotghs_device.o)
                0x00000000000819c4                UDD_Send
 .text.UDD_Send8
                0x0000000000081a4c       0x24 /Users/davidminnix/eclipse/cpp-neon/Eclipse.app/Contents/Eclipse/arduinoPlugin/packages/arduino/hardware/sam/1.6.11/variants/arduino_due_x/libsam_sam3x8e_gcc_rel.a(uotghs_device.o)
                0x0000000000081a4c                UDD_Send8
 .text.UDD_Recv8
                0x0000000000081a70       0x28 /Users/davidminnix/eclipse/cpp-neon/Eclipse.app/Contents/Eclipse/arduinoPlugin/packages/arduino/hardware/sam/1.6.11/variants/arduino_due_x/libsam_sam3x8e_gcc_rel.a(uotghs_device.o)
                0x0000000000081a70                UDD_Recv8
 .text.UDD_Recv
                0x0000000000081a98       0x34 /Users/davidminnix/eclipse/cpp-neon/Eclipse.app/Contents/Eclipse/arduinoPlugin/packages/arduino/hardware/sam/1.6.11/variants/arduino_due_x/libsam_sam3x8e_gcc_rel.a(uotghs_device.o)
                0x0000000000081a98                UDD_Recv
 .text.UDD_Stall
                0x0000000000081acc       0x14 /Users/davidminnix/eclipse/cpp-neon/Eclipse.app/Contents/Eclipse/arduinoPlugin/packages/arduino/hardware/sam/1.6.11/variants/arduino_due_x/libsam_sam3x8e_gcc_rel.a(uotghs_device.o)
                0x0000000000081acc                UDD_Stall
 .text.UDD_FifoByteCount
                0x0000000000081ae0       0x14 /Users/davidminnix/eclipse/cpp-neon/Eclipse.app/Contents/Eclipse/arduinoPlugin/packages/arduino/hardware/sam/1.6.11/variants/arduino_due_x/libsam_sam3x8e_gcc_rel.a(uotghs_device.o)
                0x0000000000081ae0                UDD_FifoByteCount
 .text.UDD_ReleaseRX
                0x0000000000081af4       0x28 /Users/davidminnix/eclipse/cpp-neon/Eclipse.app/Contents/Eclipse/arduinoPlugin/packages/arduino/hardware/sam/1.6.11/variants/arduino_due_x/libsam_sam3x8e_gcc_rel.a(uotghs_device.o)
                0x0000000000081af4                UDD_ReleaseRX
 .text.UDD_ReleaseTX
                0x0000000000081b1c       0x28 /Users/davidminnix/eclipse/cpp-neon/Eclipse.app/Contents/Eclipse/arduinoPlugin/packages/arduino/hardware/sam/1.6.11/variants/arduino_due_x/libsam_sam3x8e_gcc_rel.a(uotghs_device.o)
                0x0000000000081b1c                UDD_ReleaseTX
 .text.UDD_SetAddress
                0x0000000000081b44       0x20 /Users/davidminnix/eclipse/cpp-neon/Eclipse.app/Contents/Eclipse/arduinoPlugin/packages/arduino/hardware/sam/1.6.11/variants/arduino_due_x/libsam_sam3x8e_gcc_rel.a(uotghs_device.o)
                0x0000000000081b44                UDD_SetAddress
 .text.PIOA_Handler
                0x0000000000081b64       0x38 arduino.ar(WInterrupts.c.o)
                0x0000000000081b64                PIOA_Handler
 .text.PIOB_Handler
                0x0000000000081b9c       0x38 arduino.ar(WInterrupts.c.o)
                0x0000000000081b9c                PIOB_Handler
 .text.PIOC_Handler
                0x0000000000081bd4       0x38 arduino.ar(WInterrupts.c.o)
                0x0000000000081bd4                PIOC_Handler
 .text.PIOD_Handler
                0x0000000000081c0c       0x38 arduino.ar(WInterrupts.c.o)
                0x0000000000081c0c                PIOD_Handler
 .text.__halt   0x0000000000081c44        0x2 arduino.ar(cortex_handlers.c.o)
                0x0000000000081c44                SPI0_Handler
                0x0000000000081c44                DebugMon_Handler
                0x0000000000081c44                DMAC_Handler
                0x0000000000081c44                TRNG_Handler
                0x0000000000081c44                HardFault_Handler
                0x0000000000081c44                TC2_Handler
                0x0000000000081c44                TWI1_Handler
                0x0000000000081c44                NMI_Handler
                0x0000000000081c44                TC7_Handler
                0x0000000000081c44                ADC_Handler
                0x0000000000081c44                SMC_Handler
                0x0000000000081c44                RTT_Handler
                0x0000000000081c44                EFC1_Handler
                0x0000000000081c44                RTC_Handler
                0x0000000000081c44                UsageFault_Handler
                0x0000000000081c44                TC6_Handler
                0x0000000000081c44                WDT_Handler
                0x0000000000081c44                CAN0_Handler
                0x0000000000081c44                TC4_Handler
                0x0000000000081c44                TC1_Handler
                0x0000000000081c44                HSMCI_Handler
                0x0000000000081c44                TC3_Handler
                0x0000000000081c44                TWI0_Handler
                0x0000000000081c44                SSC_Handler
                0x0000000000081c44                EFC0_Handler
                0x0000000000081c44                PMC_Handler
                0x0000000000081c44                PWM_Handler
                0x0000000000081c44                CAN1_Handler
                0x0000000000081c44                MemManage_Handler
                0x0000000000081c44                SUPC_Handler
                0x0000000000081c44                TC8_Handler
                0x0000000000081c44                USART2_Handler
                0x0000000000081c44                EMAC_Handler
                0x0000000000081c44                BusFault_Handler
                0x0000000000081c44                RSTC_Handler
                0x0000000000081c44                TC0_Handler
                0x0000000000081c44                TC5_Handler
                0x0000000000081c44                DACC_Handler
 .text.SVC_Handler
                0x0000000000081c46        0x4 arduino.ar(cortex_handlers.c.o)
                0x0000000000081c46                SVC_Handler
 .text.PendSV_Handler
                0x0000000000081c4a        0x4 arduino.ar(cortex_handlers.c.o)
                0x0000000000081c4a                PendSV_Handler
 .text.SysTick_Handler
                0x0000000000081c4e       0x16 arduino.ar(cortex_handlers.c.o)
                0x0000000000081c4e                SysTick_Handler
 .text.__libc_init_array
                0x0000000000081c64       0x50 /Users/davidminnix/eclipse/cpp-neon/Eclipse.app/Contents/Eclipse/arduinoPlugin/tools/arduino/arm-none-eabi-gcc/4.8.3-2014q1/bin/../lib/gcc/arm-none-eabi/4.8.3/../../../../arm-none-eabi/lib/armv7-m/libg.a(lib_a-init.o)
                0x0000000000081c64                __libc_init_array
 .text.iprintf  0x0000000000081cb4       0x28 /Users/davidminnix/eclipse/cpp-neon/Eclipse.app/Contents/Eclipse/arduinoPlugin/tools/arduino/arm-none-eabi-gcc/4.8.3-2014q1/bin/../lib/gcc/arm-none-eabi/4.8.3/../../../../arm-none-eabi/lib/armv7-m/libg.a(lib_a-iprintf.o)
                0x0000000000081cb4                iprintf
 .text.memset   0x0000000000081cdc       0x94 /Users/davidminnix/eclipse/cpp-neon/Eclipse.app/Contents/Eclipse/arduinoPlugin/tools/arduino/arm-none-eabi-gcc/4.8.3-2014q1/bin/../lib/gcc/arm-none-eabi/4.8.3/../../../../arm-none-eabi/lib/armv7-m/libg.a(lib_a-memset.o)
                0x0000000000081cdc                memset
 .text.strlen   0x0000000000081d70       0x60 /Users/davidminnix/eclipse/cpp-neon/Eclipse.app/Contents/Eclipse/arduinoPlugin/tools/arduino/arm-none-eabi-gcc/4.8.3-2014q1/bin/../lib/gcc/arm-none-eabi/4.8.3/../../../../arm-none-eabi/lib/armv7-m/libg.a(lib_a-strlen.o)
                0x0000000000081d70                strlen
 .text.kill     0x0000000000081dd0       0x10 /Users/davidminnix/eclipse/cpp-neon/Eclipse.app/Contents/Eclipse/arduinoPlugin/tools/arduino/arm-none-eabi-gcc/4.8.3-2014q1/bin/../lib/gcc/arm-none-eabi/4.8.3/../../../../arm-none-eabi/lib/armv7-m/libg.a(lib_a-syskill.o)
                0x0000000000081dd0                kill
 .text.__sprint_r.part.0
                0x0000000000081de0       0x78 /Users/davidminnix/eclipse/cpp-neon/Eclipse.app/Contents/Eclipse/arduinoPlugin/tools/arduino/arm-none-eabi-gcc/4.8.3-2014q1/bin/../lib/gcc/arm-none-eabi/4.8.3/../../../../arm-none-eabi/lib/armv7-m/libg.a(lib_a-vfiprintf.o)
 .text._vfiprintf_r
                0x0000000000081e58      0xc54 /Users/davidminnix/eclipse/cpp-neon/Eclipse.app/Contents/Eclipse/arduinoPlugin/tools/arduino/arm-none-eabi-gcc/4.8.3-2014q1/bin/../lib/gcc/arm-none-eabi/4.8.3/../../../../arm-none-eabi/lib/armv7-m/libg.a(lib_a-vfiprintf.o)
                0x0000000000081e58                _vfiprintf_r
 .text.__sbprintf
                0x0000000000082aac       0x7c /Users/davidminnix/eclipse/cpp-neon/Eclipse.app/Contents/Eclipse/arduinoPlugin/tools/arduino/arm-none-eabi-gcc/4.8.3-2014q1/bin/../lib/gcc/arm-none-eabi/4.8.3/../../../../arm-none-eabi/lib/armv7-m/libg.a(lib_a-vfiprintf.o)
 .text.__swsetup_r
                0x0000000000082b28       0xc4 /Users/davidminnix/eclipse/cpp-neon/Eclipse.app/Contents/Eclipse/arduinoPlugin/tools/arduino/arm-none-eabi-gcc/4.8.3-2014q1/bin/../lib/gcc/arm-none-eabi/4.8.3/../../../../arm-none-eabi/lib/armv7-m/libg.a(lib_a-wsetup.o)
                0x0000000000082b28                __swsetup_r
 .text.startup.register_fini
                0x0000000000082bec       0x14 /Users/davidminnix/eclipse/cpp-neon/Eclipse.app/Contents/Eclipse/arduinoPlugin/tools/arduino/arm-none-eabi-gcc/4.8.3-2014q1/bin/../lib/gcc/arm-none-eabi/4.8.3/../../../../arm-none-eabi/lib/armv7-m/libg.a(lib_a-__call_atexit.o)
 .text.atexit   0x0000000000082c00        0xc /Users/davidminnix/eclipse/cpp-neon/Eclipse.app/Contents/Eclipse/arduinoPlugin/tools/arduino/arm-none-eabi-gcc/4.8.3-2014q1/bin/../lib/gcc/arm-none-eabi/4.8.3/../../../../arm-none-eabi/lib/armv7-m/libg.a(lib_a-atexit.o)
                0x0000000000082c00                atexit
 .text.__sflush_r
                0x0000000000082c0c      0x148 /Users/davidminnix/eclipse/cpp-neon/Eclipse.app/Contents/Eclipse/arduinoPlugin/tools/arduino/arm-none-eabi-gcc/4.8.3-2014q1/bin/../lib/gcc/arm-none-eabi/4.8.3/../../../../arm-none-eabi/lib/armv7-m/libg.a(lib_a-fflush.o)
                0x0000000000082c0c                __sflush_r
 .text._fflush_r
                0x0000000000082d54       0x2c /Users/davidminnix/eclipse/cpp-neon/Eclipse.app/Contents/Eclipse/arduinoPlugin/tools/arduino/arm-none-eabi-gcc/4.8.3-2014q1/bin/../lib/gcc/arm-none-eabi/4.8.3/../../../../arm-none-eabi/lib/armv7-m/libg.a(lib_a-fflush.o)
                0x0000000000082d54                _fflush_r
 .text._cleanup_r
                0x0000000000082d80        0xc /Users/davidminnix/eclipse/cpp-neon/Eclipse.app/Contents/Eclipse/arduinoPlugin/tools/arduino/arm-none-eabi-gcc/4.8.3-2014q1/bin/../lib/gcc/arm-none-eabi/4.8.3/../../../../arm-none-eabi/lib/armv7-m/libg.a(lib_a-findfp.o)
                0x0000000000082d80                _cleanup_r
 .text.__sinit  0x0000000000082d8c       0xf4 /Users/davidminnix/eclipse/cpp-neon/Eclipse.app/Contents/Eclipse/arduinoPlugin/tools/arduino/arm-none-eabi-gcc/4.8.3-2014q1/bin/../lib/gcc/arm-none-eabi/4.8.3/../../../../arm-none-eabi/lib/armv7-m/libg.a(lib_a-findfp.o)
                0x0000000000082d8c                __sinit
 .text.__sfp_lock_acquire
                0x0000000000082e80        0x4 /Users/davidminnix/eclipse/cpp-neon/Eclipse.app/Contents/Eclipse/arduinoPlugin/tools/arduino/arm-none-eabi-gcc/4.8.3-2014q1/bin/../lib/gcc/arm-none-eabi/4.8.3/../../../../arm-none-eabi/lib/armv7-m/libg.a(lib_a-findfp.o)
                0x0000000000082e80                __sfp_lock_acquire
 .text.__sfp_lock_release
                0x0000000000082e84        0x4 /Users/davidminnix/eclipse/cpp-neon/Eclipse.app/Contents/Eclipse/arduinoPlugin/tools/arduino/arm-none-eabi-gcc/4.8.3-2014q1/bin/../lib/gcc/arm-none-eabi/4.8.3/../../../../arm-none-eabi/lib/armv7-m/libg.a(lib_a-findfp.o)
                0x0000000000082e84                __sfp_lock_release
 .text.__libc_fini_array
                0x0000000000082e88       0x30 /Users/davidminnix/eclipse/cpp-neon/Eclipse.app/Contents/Eclipse/arduinoPlugin/tools/arduino/arm-none-eabi-gcc/4.8.3-2014q1/bin/../lib/gcc/arm-none-eabi/4.8.3/../../../../arm-none-eabi/lib/armv7-m/libg.a(lib_a-fini.o)
                0x0000000000082e88                __libc_fini_array
 .text._fputwc_r
                0x0000000000082eb8       0xc0 /Users/davidminnix/eclipse/cpp-neon/Eclipse.app/Contents/Eclipse/arduinoPlugin/tools/arduino/arm-none-eabi-gcc/4.8.3-2014q1/bin/../lib/gcc/arm-none-eabi/4.8.3/../../../../arm-none-eabi/lib/armv7-m/libg.a(lib_a-fputwc.o)
                0x0000000000082eb8                _fputwc_r
 .text._malloc_trim_r
                0x0000000000082f78       0x9c /Users/davidminnix/eclipse/cpp-neon/Eclipse.app/Contents/Eclipse/arduinoPlugin/tools/arduino/arm-none-eabi-gcc/4.8.3-2014q1/bin/../lib/gcc/arm-none-eabi/4.8.3/../../../../arm-none-eabi/lib/armv7-m/libg.a(lib_a-freer.o)
                0x0000000000082f78                _malloc_trim_r
 .text._free_r  0x0000000000083014      0x198 /Users/davidminnix/eclipse/cpp-neon/Eclipse.app/Contents/Eclipse/arduinoPlugin/tools/arduino/arm-none-eabi-gcc/4.8.3-2014q1/bin/../lib/gcc/arm-none-eabi/4.8.3/../../../../arm-none-eabi/lib/armv7-m/libg.a(lib_a-freer.o)
                0x0000000000083014                _free_r
 .text.__sfvwrite_r
                0x00000000000831ac      0x314 /Users/davidminnix/eclipse/cpp-neon/Eclipse.app/Contents/Eclipse/arduinoPlugin/tools/arduino/arm-none-eabi-gcc/4.8.3-2014q1/bin/../lib/gcc/arm-none-eabi/4.8.3/../../../../arm-none-eabi/lib/armv7-m/libg.a(lib_a-fvwrite.o)
                0x00000000000831ac                __sfvwrite_r
 .text._fwalk   0x00000000000834c0       0x48 /Users/davidminnix/eclipse/cpp-neon/Eclipse.app/Contents/Eclipse/arduinoPlugin/tools/arduino/arm-none-eabi-gcc/4.8.3-2014q1/bin/../lib/gcc/arm-none-eabi/4.8.3/../../../../arm-none-eabi/lib/armv7-m/libg.a(lib_a-fwalk.o)
                0x00000000000834c0                _fwalk
 .text.__locale_charset
                0x0000000000083508        0x8 /Users/davidminnix/eclipse/cpp-neon/Eclipse.app/Contents/Eclipse/arduinoPlugin/tools/arduino/arm-none-eabi-gcc/4.8.3-2014q1/bin/../lib/gcc/arm-none-eabi/4.8.3/../../../../arm-none-eabi/lib/armv7-m/libg.a(lib_a-locale.o)
                0x0000000000083508                __locale_charset
 .text.__locale_mb_cur_max
                0x0000000000083510        0xc /Users/davidminnix/eclipse/cpp-neon/Eclipse.app/Contents/Eclipse/arduinoPlugin/tools/arduino/arm-none-eabi-gcc/4.8.3-2014q1/bin/../lib/gcc/arm-none-eabi/4.8.3/../../../../arm-none-eabi/lib/armv7-m/libg.a(lib_a-locale.o)
                0x0000000000083510                __locale_mb_cur_max
 .text.__smakebuf_r
                0x000000000008351c       0xe0 /Users/davidminnix/eclipse/cpp-neon/Eclipse.app/Contents/Eclipse/arduinoPlugin/tools/arduino/arm-none-eabi-gcc/4.8.3-2014q1/bin/../lib/gcc/arm-none-eabi/4.8.3/../../../../arm-none-eabi/lib/armv7-m/libg.a(lib_a-makebuf.o)
                0x000000000008351c                __smakebuf_r
 .text._malloc_r
                0x00000000000835fc      0x538 /Users/davidminnix/eclipse/cpp-neon/Eclipse.app/Contents/Eclipse/arduinoPlugin/tools/arduino/arm-none-eabi-gcc/4.8.3-2014q1/bin/../lib/gcc/arm-none-eabi/4.8.3/../../../../arm-none-eabi/lib/armv7-m/libg.a(lib_a-mallocr.o)
                0x00000000000835fc                _malloc_r
 .text.memchr   0x0000000000083b34       0x94 /Users/davidminnix/eclipse/cpp-neon/Eclipse.app/Contents/Eclipse/arduinoPlugin/tools/arduino/arm-none-eabi-gcc/4.8.3-2014q1/bin/../lib/gcc/arm-none-eabi/4.8.3/../../../../arm-none-eabi/lib/armv7-m/libg.a(lib_a-memchr-stub.o)
                0x0000000000083b34                memchr
 .text          0x0000000000083bc8       0xec /Users/davidminnix/eclipse/cpp-neon/Eclipse.app/Contents/Eclipse/arduinoPlugin/tools/arduino/arm-none-eabi-gcc/4.8.3-2014q1/bin/../lib/gcc/arm-none-eabi/4.8.3/../../../../arm-none-eabi/lib/armv7-m/libg.a(lib_a-memcpy.o)
                0x0000000000083bc8                memcpy
 .text.memmove  0x0000000000083cb4       0xcc /Users/davidminnix/eclipse/cpp-neon/Eclipse.app/Contents/Eclipse/arduinoPlugin/tools/arduino/arm-none-eabi-gcc/4.8.3-2014q1/bin/../lib/gcc/arm-none-eabi/4.8.3/../../../../arm-none-eabi/lib/armv7-m/libg.a(lib_a-memmove.o)
                0x0000000000083cb4                memmove
 .text.__malloc_lock
                0x0000000000083d80        0x4 /Users/davidminnix/eclipse/cpp-neon/Eclipse.app/Contents/Eclipse/arduinoPlugin/tools/arduino/arm-none-eabi-gcc/4.8.3-2014q1/bin/../lib/gcc/arm-none-eabi/4.8.3/../../../../arm-none-eabi/lib/armv7-m/libg.a(lib_a-mlock.o)
                0x0000000000083d80                __malloc_lock
 .text.__malloc_unlock
                0x0000000000083d84        0x4 /Users/davidminnix/eclipse/cpp-neon/Eclipse.app/Contents/Eclipse/arduinoPlugin/tools/arduino/arm-none-eabi-gcc/4.8.3-2014q1/bin/../lib/gcc/arm-none-eabi/4.8.3/../../../../arm-none-eabi/lib/armv7-m/libg.a(lib_a-mlock.o)
                0x0000000000083d84                __malloc_unlock
 .text._realloc_r
                0x0000000000083d88      0x3c0 /Users/davidminnix/eclipse/cpp-neon/Eclipse.app/Contents/Eclipse/arduinoPlugin/tools/arduino/arm-none-eabi-gcc/4.8.3-2014q1/bin/../lib/gcc/arm-none-eabi/4.8.3/../../../../arm-none-eabi/lib/armv7-m/libg.a(lib_a-reallocr.o)
                0x0000000000083d88                _realloc_r
 .text._sbrk_r  0x0000000000084148       0x24 /Users/davidminnix/eclipse/cpp-neon/Eclipse.app/Contents/Eclipse/arduinoPlugin/tools/arduino/arm-none-eabi-gcc/4.8.3-2014q1/bin/../lib/gcc/arm-none-eabi/4.8.3/../../../../arm-none-eabi/lib/armv7-m/libg.a(lib_a-sbrkr.o)
                0x0000000000084148                _sbrk_r
 .text._kill_r  0x000000000008416c       0x28 /Users/davidminnix/eclipse/cpp-neon/Eclipse.app/Contents/Eclipse/arduinoPlugin/tools/arduino/arm-none-eabi-gcc/4.8.3-2014q1/bin/../lib/gcc/arm-none-eabi/4.8.3/../../../../arm-none-eabi/lib/armv7-m/libg.a(lib_a-signalr.o)
                0x000000000008416c                _kill_r
 .text.__sread  0x0000000000084194       0x24 /Users/davidminnix/eclipse/cpp-neon/Eclipse.app/Contents/Eclipse/arduinoPlugin/tools/arduino/arm-none-eabi-gcc/4.8.3-2014q1/bin/../lib/gcc/arm-none-eabi/4.8.3/../../../../arm-none-eabi/lib/armv7-m/libg.a(lib_a-stdio.o)
                0x0000000000084194                __sread
 .text.__swrite
                0x00000000000841b8       0x38 /Users/davidminnix/eclipse/cpp-neon/Eclipse.app/Contents/Eclipse/arduinoPlugin/tools/arduino/arm-none-eabi-gcc/4.8.3-2014q1/bin/../lib/gcc/arm-none-eabi/4.8.3/../../../../arm-none-eabi/lib/armv7-m/libg.a(lib_a-stdio.o)
                0x00000000000841b8                __swrite
 .text.__sseek  0x00000000000841f0       0x20 /Users/davidminnix/eclipse/cpp-neon/Eclipse.app/Contents/Eclipse/arduinoPlugin/tools/arduino/arm-none-eabi-gcc/4.8.3-2014q1/bin/../lib/gcc/arm-none-eabi/4.8.3/../../../../arm-none-eabi/lib/armv7-m/libg.a(lib_a-stdio.o)
                0x00000000000841f0                __sseek
 .text.__sclose
                0x0000000000084210        0x8 /Users/davidminnix/eclipse/cpp-neon/Eclipse.app/Contents/Eclipse/arduinoPlugin/tools/arduino/arm-none-eabi-gcc/4.8.3-2014q1/bin/../lib/gcc/arm-none-eabi/4.8.3/../../../../arm-none-eabi/lib/armv7-m/libg.a(lib_a-stdio.o)
                0x0000000000084210                __sclose
 .text.__swbuf_r
                0x0000000000084218       0xa8 /Users/davidminnix/eclipse/cpp-neon/Eclipse.app/Contents/Eclipse/arduinoPlugin/tools/arduino/arm-none-eabi-gcc/4.8.3-2014q1/bin/../lib/gcc/arm-none-eabi/4.8.3/../../../../arm-none-eabi/lib/armv7-m/libg.a(lib_a-wbuf.o)
                0x0000000000084218                __swbuf_r
 .text._wcrtomb_r
                0x00000000000842c0       0x50 /Users/davidminnix/eclipse/cpp-neon/Eclipse.app/Contents/Eclipse/arduinoPlugin/tools/arduino/arm-none-eabi-gcc/4.8.3-2014q1/bin/../lib/gcc/arm-none-eabi/4.8.3/../../../../arm-none-eabi/lib/armv7-m/libg.a(lib_a-wcrtomb.o)
                0x00000000000842c0                _wcrtomb_r
 .text.__ascii_wctomb
                0x0000000000084310       0x1c /Users/davidminnix/eclipse/cpp-neon/Eclipse.app/Contents/Eclipse/arduinoPlugin/tools/arduino/arm-none-eabi-gcc/4.8.3-2014q1/bin/../lib/gcc/arm-none-eabi/4.8.3/../../../../arm-none-eabi/lib/armv7-m/libg.a(lib_a-wctomb_r.o)
                0x0000000000084310                __ascii_wctomb
 .text._write_r
                0x000000000008432c       0x28 /Users/davidminnix/eclipse/cpp-neon/Eclipse.app/Contents/Eclipse/arduinoPlugin/tools/arduino/arm-none-eabi-gcc/4.8.3-2014q1/bin/../lib/gcc/arm-none-eabi/4.8.3/../../../../arm-none-eabi/lib/armv7-m/libg.a(lib_a-writer.o)
                0x000000000008432c                _write_r
 .text.__register_exitproc
                0x0000000000084354       0xa8 /Users/davidminnix/eclipse/cpp-neon/Eclipse.app/Contents/Eclipse/arduinoPlugin/tools/arduino/arm-none-eabi-gcc/4.8.3-2014q1/bin/../lib/gcc/arm-none-eabi/4.8.3/../../../../arm-none-eabi/lib/armv7-m/libg.a(lib_a-__atexit.o)
                0x0000000000084354                __register_exitproc
 .text._close_r
                0x00000000000843fc       0x24 /Users/davidminnix/eclipse/cpp-neon/Eclipse.app/Contents/Eclipse/arduinoPlugin/tools/arduino/arm-none-eabi-gcc/4.8.3-2014q1/bin/../lib/gcc/arm-none-eabi/4.8.3/../../../../arm-none-eabi/lib/armv7-m/libg.a(lib_a-closer.o)
                0x00000000000843fc                _close_r
 .text._fclose_r
                0x0000000000084420       0x80 /Users/davidminnix/eclipse/cpp-neon/Eclipse.app/Contents/Eclipse/arduinoPlugin/tools/arduino/arm-none-eabi-gcc/4.8.3-2014q1/bin/../lib/gcc/arm-none-eabi/4.8.3/../../../../arm-none-eabi/lib/armv7-m/libg.a(lib_a-fclose.o)
                0x0000000000084420                _fclose_r
 .text.fclose   0x00000000000844a0       0x10 /Users/davidminnix/eclipse/cpp-neon/Eclipse.app/Contents/Eclipse/arduinoPlugin/tools/arduino/arm-none-eabi-gcc/4.8.3-2014q1/bin/../lib/gcc/arm-none-eabi/4.8.3/../../../../arm-none-eabi/lib/armv7-m/libg.a(lib_a-fclose.o)
                0x00000000000844a0                fclose
 .text._fstat_r
                0x00000000000844b0       0x28 /Users/davidminnix/eclipse/cpp-neon/Eclipse.app/Contents/Eclipse/arduinoPlugin/tools/arduino/arm-none-eabi-gcc/4.8.3-2014q1/bin/../lib/gcc/arm-none-eabi/4.8.3/../../../../arm-none-eabi/lib/armv7-m/libg.a(lib_a-fstatr.o)
                0x00000000000844b0                _fstat_r
 .text._isatty_r
                0x00000000000844d8       0x24 /Users/davidminnix/eclipse/cpp-neon/Eclipse.app/Contents/Eclipse/arduinoPlugin/tools/arduino/arm-none-eabi-gcc/4.8.3-2014q1/bin/../lib/gcc/arm-none-eabi/4.8.3/../../../../arm-none-eabi/lib/armv7-m/libg.a(lib_a-isattyr.o)
                0x00000000000844d8                _isatty_r
 .text._lseek_r
                0x00000000000844fc       0x28 /Users/davidminnix/eclipse/cpp-neon/Eclipse.app/Contents/Eclipse/arduinoPlugin/tools/arduino/arm-none-eabi-gcc/4.8.3-2014q1/bin/../lib/gcc/arm-none-eabi/4.8.3/../../../../arm-none-eabi/lib/armv7-m/libg.a(lib_a-lseekr.o)
                0x00000000000844fc                _lseek_r
 .text._read_r  0x0000000000084524       0x28 /Users/davidminnix/eclipse/cpp-neon/Eclipse.app/Contents/Eclipse/arduinoPlugin/tools/arduino/arm-none-eabi-gcc/4.8.3-2014q1/bin/../lib/gcc/arm-none-eabi/4.8.3/../../../../arm-none-eabi/lib/armv7-m/libg.a(lib_a-readr.o)
                0x0000000000084524                _read_r
 .text          0x000000000008454c       0x2c /Users/davidminnix/eclipse/cpp-neon/Eclipse.app/Contents/Eclipse/arduinoPlugin/tools/arduino/arm-none-eabi-gcc/4.8.3-2014q1/bin/../lib/gcc/arm-none-eabi/4.8.3/armv7-m/libgcc.a(_aeabi_uldivmod.o)
                0x000000000008454c                __aeabi_uldivmod
 .text          0x0000000000084578       0x60 /Users/davidminnix/eclipse/cpp-neon/Eclipse.app/Contents/Eclipse/arduinoPlugin/tools/arduino/arm-none-eabi-gcc/4.8.3-2014q1/bin/../lib/gcc/arm-none-eabi/4.8.3/armv7-m/libgcc.a(bpabi.o)
                0x0000000000084578                __gnu_ldivmod_helper
                0x00000000000845a8                __gnu_uldivmod_helper
 .text          0x00000000000845d8        0x4 /Users/davidminnix/eclipse/cpp-neon/Eclipse.app/Contents/Eclipse/arduinoPlugin/tools/arduino/arm-none-eabi-gcc/4.8.3-2014q1/bin/../lib/gcc/arm-none-eabi/4.8.3/armv7-m/libgcc.a(_dvmd_tls.o)
                0x00000000000845d8                __aeabi_ldiv0
                0x00000000000845d8                __aeabi_idiv0
 .text          0x00000000000845dc      0x2a0 /Users/davidminnix/eclipse/cpp-neon/Eclipse.app/Contents/Eclipse/arduinoPlugin/tools/arduino/arm-none-eabi-gcc/4.8.3-2014q1/bin/../lib/gcc/arm-none-eabi/4.8.3/armv7-m/libgcc.a(_divdi3.o)
                0x00000000000845dc                __divdi3
 .text          0x000000000008487c      0x290 /Users/davidminnix/eclipse/cpp-neon/Eclipse.app/Contents/Eclipse/arduinoPlugin/tools/arduino/arm-none-eabi-gcc/4.8.3-2014q1/bin/../lib/gcc/arm-none-eabi/4.8.3/armv7-m/libgcc.a(_udivdi3.o)
                0x000000000008487c                __udivdi3
 *(.glue_7t)
 .glue_7t       0x0000000000000000        0x0 linker stubs
 *(.glue_7)
 .glue_7        0x0000000000000000        0x0 linker stubs
 *(.rodata .rodata* .gnu.linkonce.r.*)
 .rodata.str1.1
                0x0000000000084b0c       0x1c ./.ino.cpp.o
 .rodata.g_APinDescription
                0x0000000000084b28      0xa2c arduino.ar(variant.cpp.o)
                0x0000000000084b28                g_APinDescription
 .rodata.str1.1
                0x0000000000085554        0xf arduino.ar(Print.cpp.o)
 *fill*         0x0000000000085563        0x5 
 .rodata._ZTV9UARTClass
                0x0000000000085568       0x30 arduino.ar(UARTClass.cpp.o)
                0x0000000000085568                vtable for UARTClass
 .rodata._ZTV10USARTClass
                0x0000000000085598       0x30 arduino.ar(USARTClass.cpp.o)
                0x0000000000085598                vtable for USARTClass
 .rodata.str1.1
                0x00000000000855c8       0x19 arduino.ar(syscalls_sam3.c.o)
 .rodata.STRING_PRODUCT
                0x00000000000855e1        0xc arduino.ar(USBCore.cpp.o)
                0x00000000000855e1                STRING_PRODUCT
 .rodata.USB_DeviceDescriptor
                0x00000000000855ed       0x12 arduino.ar(USBCore.cpp.o)
                0x00000000000855ed                USB_DeviceDescriptor
 *fill*         0x00000000000855ff        0x1 
 .rodata.STRING_LANGUAGE
                0x0000000000085600        0x4 arduino.ar(USBCore.cpp.o)
                0x0000000000085600                STRING_LANGUAGE
 .rodata._ZL18test_packet_buffer
                0x0000000000085604       0x35 arduino.ar(USBCore.cpp.o)
 .rodata.STRING_MANUFACTURER
                0x0000000000085639        0xc arduino.ar(USBCore.cpp.o)
                0x0000000000085639                STRING_MANUFACTURER
 .rodata.USB_DeviceDescriptorA
                0x0000000000085645       0x12 arduino.ar(USBCore.cpp.o)
                0x0000000000085645                USB_DeviceDescriptorA
 .rodata._ZL19USB_DeviceQualifier
                0x0000000000085657        0x9 arduino.ar(USBCore.cpp.o)
 .rodata._ZTV7Serial_
                0x0000000000085660       0x28 arduino.ar(CDC.cpp.o)
                0x0000000000085660                vtable for Serial_
 .rodata._ZL18_cdcOtherInterface
                0x0000000000085688       0x42 arduino.ar(CDC.cpp.o)
 .rodata._ZL13_cdcInterface
                0x00000000000856ca       0x42 arduino.ar(CDC.cpp.o)
 .rodata        0x000000000008570c       0x40 /Users/davidminnix/eclipse/cpp-neon/Eclipse.app/Contents/Eclipse/arduinoPlugin/packages/arduino/hardware/sam/1.6.11/variants/arduino_due_x/libsam_sam3x8e_gcc_rel.a(adc.o)
 .rodata.str1.4
                0x000000000008574c        0x2 /Users/davidminnix/eclipse/cpp-neon/Eclipse.app/Contents/Eclipse/arduinoPlugin/tools/arduino/arm-none-eabi-gcc/4.8.3-2014q1/bin/../lib/gcc/arm-none-eabi/4.8.3/../../../../arm-none-eabi/lib/armv7-m/libg.a(lib_a-impure.o)
                                          0x4 (size before relaxing)
 *fill*         0x000000000008574e        0x2 
 .rodata._global_impure_ptr
                0x0000000000085750        0x4 /Users/davidminnix/eclipse/cpp-neon/Eclipse.app/Contents/Eclipse/arduinoPlugin/tools/arduino/arm-none-eabi-gcc/4.8.3-2014q1/bin/../lib/gcc/arm-none-eabi/4.8.3/../../../../arm-none-eabi/lib/armv7-m/libg.a(lib_a-impure.o)
                0x0000000000085750                _global_impure_ptr
 .rodata.blanks.6717
                0x0000000000085754       0x10 /Users/davidminnix/eclipse/cpp-neon/Eclipse.app/Contents/Eclipse/arduinoPlugin/tools/arduino/arm-none-eabi-gcc/4.8.3-2014q1/bin/../lib/gcc/arm-none-eabi/4.8.3/../../../../arm-none-eabi/lib/armv7-m/libg.a(lib_a-vfiprintf.o)
 .rodata.str1.4
                0x0000000000085764       0x30 /Users/davidminnix/eclipse/cpp-neon/Eclipse.app/Contents/Eclipse/arduinoPlugin/tools/arduino/arm-none-eabi-gcc/4.8.3-2014q1/bin/../lib/gcc/arm-none-eabi/4.8.3/../../../../arm-none-eabi/lib/armv7-m/libg.a(lib_a-vfiprintf.o)
 .rodata.zeroes.6718
                0x0000000000085794       0x10 /Users/davidminnix/eclipse/cpp-neon/Eclipse.app/Contents/Eclipse/arduinoPlugin/tools/arduino/arm-none-eabi-gcc/4.8.3-2014q1/bin/../lib/gcc/arm-none-eabi/4.8.3/../../../../arm-none-eabi/lib/armv7-m/libg.a(lib_a-vfiprintf.o)
 *(.ARM.extab* .gnu.linkonce.armextab.*)
                0x00000000000857a4                . = ALIGN (0x4)
 *(.init)
 .init          0x00000000000857a4        0x4 /Users/davidminnix/eclipse/cpp-neon/Eclipse.app/Contents/Eclipse/arduinoPlugin/tools/arduino/arm-none-eabi-gcc/4.8.3-2014q1/bin/../lib/gcc/arm-none-eabi/4.8.3/armv7-m/crti.o
                0x00000000000857a4                _init
 .init          0x00000000000857a8        0x8 /Users/davidminnix/eclipse/cpp-neon/Eclipse.app/Contents/Eclipse/arduinoPlugin/tools/arduino/arm-none-eabi-gcc/4.8.3-2014q1/bin/../lib/gcc/arm-none-eabi/4.8.3/armv7-m/crtn.o
                0x00000000000857b0                . = ALIGN (0x4)
                0x00000000000857b0                __preinit_array_start = .
 *(.preinit_array)
                0x00000000000857b0                __preinit_array_end = .
                0x00000000000857b0                . = ALIGN (0x4)
                0x00000000000857b0                __init_array_start = .
 *(SORT(.init_array.*))
 .init_array.00000
                0x00000000000857b0        0x4 /Users/davidminnix/eclipse/cpp-neon/Eclipse.app/Contents/Eclipse/arduinoPlugin/tools/arduino/arm-none-eabi-gcc/4.8.3-2014q1/bin/../lib/gcc/arm-none-eabi/4.8.3/../../../../arm-none-eabi/lib/armv7-m/libg.a(lib_a-__call_atexit.o)
 *(.init_array)
 .init_array    0x00000000000857b4        0x4 /Users/davidminnix/eclipse/cpp-neon/Eclipse.app/Contents/Eclipse/arduinoPlugin/tools/arduino/arm-none-eabi-gcc/4.8.3-2014q1/bin/../lib/gcc/arm-none-eabi/4.8.3/armv7-m/crtbegin.o
 .init_array    0x00000000000857b8        0x4 arduino.ar(variant.cpp.o)
 .init_array    0x00000000000857bc        0x4 arduino.ar(USBCore.cpp.o)
 .init_array    0x00000000000857c0        0x4 arduino.ar(CDC.cpp.o)
                0x00000000000857c4                __init_array_end = .
                0x00000000000857c4                . = ALIGN (0x4)
 *crtbegin.o(.ctors)
 *(EXCLUDE_FILE(*crtend.o) .ctors)
 *(SORT(.ctors.*))
 *crtend.o(.ctors)
                0x00000000000857c4                . = ALIGN (0x4)
 *(.fini)
 .fini          0x00000000000857c4        0x4 /Users/davidminnix/eclipse/cpp-neon/Eclipse.app/Contents/Eclipse/arduinoPlugin/tools/arduino/arm-none-eabi-gcc/4.8.3-2014q1/bin/../lib/gcc/arm-none-eabi/4.8.3/armv7-m/crti.o
                0x00000000000857c4                _fini
 .fini          0x00000000000857c8        0x8 /Users/davidminnix/eclipse/cpp-neon/Eclipse.app/Contents/Eclipse/arduinoPlugin/tools/arduino/arm-none-eabi-gcc/4.8.3-2014q1/bin/../lib/gcc/arm-none-eabi/4.8.3/armv7-m/crtn.o
                0x00000000000857d0                . = ALIGN (0x4)
                0x00000000000857d0                __fini_array_start = .
 *(.fini_array)
 .fini_array    0x00000000000857d0        0x4 /Users/davidminnix/eclipse/cpp-neon/Eclipse.app/Contents/Eclipse/arduinoPlugin/tools/arduino/arm-none-eabi-gcc/4.8.3-2014q1/bin/../lib/gcc/arm-none-eabi/4.8.3/armv7-m/crtbegin.o
 *(SORT(.fini_array.*))
                0x00000000000857d4                __fini_array_end = .
 *crtbegin.o(.dtors)
 *(EXCLUDE_FILE(*crtend.o) .dtors)
 *(SORT(.dtors.*))
 *crtend.o(.dtors)
                0x00000000000857d4                . = ALIGN (0x4)
                0x00000000000857d4                _efixed = .
                0x00000000000857d4                PROVIDE (__exidx_start, .)

.vfp11_veneer   0x00000000000857d4        0x0
 .vfp11_veneer  0x0000000000000000        0x0 linker stubs

.v4_bx          0x00000000000857d4        0x0
 .v4_bx         0x0000000000000000        0x0 linker stubs

.iplt           0x00000000000857d4        0x0
 .iplt          0x0000000000000000        0x0 /Users/davidminnix/eclipse/cpp-neon/Eclipse.app/Contents/Eclipse/arduinoPlugin/tools/arduino/arm-none-eabi-gcc/4.8.3-2014q1/bin/../lib/gcc/arm-none-eabi/4.8.3/armv7-m/crtbegin.o

.ARM.exidx      0x00000000000857d4        0x8
 *(.ARM.exidx* .gnu.linkonce.armexidx.*)
 .ARM.exidx     0x00000000000857d4        0x8 /Users/davidminnix/eclipse/cpp-neon/Eclipse.app/Contents/Eclipse/arduinoPlugin/tools/arduino/arm-none-eabi-gcc/4.8.3-2014q1/bin/../lib/gcc/arm-none-eabi/4.8.3/armv7-m/libgcc.a(_divdi3.o)
 .ARM.exidx     0x00000000000857dc        0x0 /Users/davidminnix/eclipse/cpp-neon/Eclipse.app/Contents/Eclipse/arduinoPlugin/tools/arduino/arm-none-eabi-gcc/4.8.3-2014q1/bin/../lib/gcc/arm-none-eabi/4.8.3/armv7-m/libgcc.a(_udivdi3.o)
                                          0x8 (size before relaxing)
                0x00000000000857dc                PROVIDE (__exidx_end, .)

.eh_frame       0x00000000000857dc        0x0
 .eh_frame      0x00000000000857dc        0x0 /Users/davidminnix/eclipse/cpp-neon/Eclipse.app/Contents/Eclipse/arduinoPlugin/tools/arduino/arm-none-eabi-gcc/4.8.3-2014q1/bin/../lib/gcc/arm-none-eabi/4.8.3/armv7-m/crtbegin.o

.rel.dyn        0x00000000000857dc        0x0
 .rel.iplt      0x0000000000000000        0x0 /Users/davidminnix/eclipse/cpp-neon/Eclipse.app/Contents/Eclipse/arduinoPlugin/tools/arduino/arm-none-eabi-gcc/4.8.3-2014q1/bin/../lib/gcc/arm-none-eabi/4.8.3/armv7-m/crtbegin.o

.jcr            0x00000000000857dc        0x0
 .jcr           0x00000000000857dc        0x0 /Users/davidminnix/eclipse/cpp-neon/Eclipse.app/Contents/Eclipse/arduinoPlugin/tools/arduino/arm-none-eabi-gcc/4.8.3-2014q1/bin/../lib/gcc/arm-none-eabi/4.8.3/armv7-m/crtbegin.o

.igot.plt       0x00000000000857dc        0x0
 .igot.plt      0x0000000000000000        0x0 /Users/davidminnix/eclipse/cpp-neon/Eclipse.app/Contents/Eclipse/arduinoPlugin/tools/arduino/arm-none-eabi-gcc/4.8.3-2014q1/bin/../lib/gcc/arm-none-eabi/4.8.3/armv7-m/crtbegin.o
                0x00000000000857dc                . = ALIGN (0x4)
                0x00000000000857dc                _etext = .

.relocate       0x0000000020070000      0x8d4 load address 0x00000000000857dc
                0x0000000020070000                . = ALIGN (0x4)
                0x0000000020070000                _srelocate = .
 *(.ramfunc .ramfunc.*)
 .ramfunc       0x0000000020070000       0x2c arduino.ar(Reset.cpp.o)
                0x0000000020070000                banzai
 *(.data .data.*)
 .data.EndPoints
                0x000000002007002c       0x28 arduino.ar(USBCore.cpp.o)
                0x000000002007002c                EndPoints
 .data._ZL10breakValue
                0x0000000020070054        0x4 arduino.ar(CDC.cpp.o)
 .data._ZL12_usbLineInfo
                0x0000000020070058        0x8 arduino.ar(CDC.cpp.o)
 .data._ZL5ticks
                0x0000000020070060        0x4 arduino.ar(Reset.cpp.o)
 .data.SystemCoreClock
                0x0000000020070064        0x4 /Users/davidminnix/eclipse/cpp-neon/Eclipse.app/Contents/Eclipse/arduinoPlugin/packages/arduino/hardware/sam/1.6.11/variants/arduino_due_x/libsam_sam3x8e_gcc_rel.a(system_sam3xa.o)
                0x0000000020070064                SystemCoreClock
 .data.g_interrupt_enabled
                0x0000000020070068        0x4 /Users/davidminnix/eclipse/cpp-neon/Eclipse.app/Contents/Eclipse/arduinoPlugin/packages/arduino/hardware/sam/1.6.11/variants/arduino_due_x/libsam_sam3x8e_gcc_rel.a(interrupt_sam_nvic.o)
                0x0000000020070068                g_interrupt_enabled
 *fill*         0x000000002007006c        0x4 
 .data.impure_data
                0x0000000020070070      0x428 /Users/davidminnix/eclipse/cpp-neon/Eclipse.app/Contents/Eclipse/arduinoPlugin/tools/arduino/arm-none-eabi-gcc/4.8.3-2014q1/bin/../lib/gcc/arm-none-eabi/4.8.3/../../../../arm-none-eabi/lib/armv7-m/libg.a(lib_a-impure.o)
 .data._impure_ptr
                0x0000000020070498        0x4 /Users/davidminnix/eclipse/cpp-neon/Eclipse.app/Contents/Eclipse/arduinoPlugin/tools/arduino/arm-none-eabi-gcc/4.8.3-2014q1/bin/../lib/gcc/arm-none-eabi/4.8.3/../../../../arm-none-eabi/lib/armv7-m/libg.a(lib_a-impure.o)
                0x0000000020070498                _impure_ptr
 .data.lc_ctype_charset
                0x000000002007049c       0x20 /Users/davidminnix/eclipse/cpp-neon/Eclipse.app/Contents/Eclipse/arduinoPlugin/tools/arduino/arm-none-eabi-gcc/4.8.3-2014q1/bin/../lib/gcc/arm-none-eabi/4.8.3/../../../../arm-none-eabi/lib/armv7-m/libg.a(lib_a-locale.o)
 .data.__mb_cur_max
                0x00000000200704bc        0x4 /Users/davidminnix/eclipse/cpp-neon/Eclipse.app/Contents/Eclipse/arduinoPlugin/tools/arduino/arm-none-eabi-gcc/4.8.3-2014q1/bin/../lib/gcc/arm-none-eabi/4.8.3/../../../../arm-none-eabi/lib/armv7-m/libg.a(lib_a-locale.o)
                0x00000000200704bc                __mb_cur_max
 .data.__malloc_av_
                0x00000000200704c0      0x408 /Users/davidminnix/eclipse/cpp-neon/Eclipse.app/Contents/Eclipse/arduinoPlugin/tools/arduino/arm-none-eabi-gcc/4.8.3-2014q1/bin/../lib/gcc/arm-none-eabi/4.8.3/../../../../arm-none-eabi/lib/armv7-m/libg.a(lib_a-mallocr.o)
                0x00000000200704c0                __malloc_av_
 .data.__malloc_trim_threshold
                0x00000000200708c8        0x4 /Users/davidminnix/eclipse/cpp-neon/Eclipse.app/Contents/Eclipse/arduinoPlugin/tools/arduino/arm-none-eabi-gcc/4.8.3-2014q1/bin/../lib/gcc/arm-none-eabi/4.8.3/../../../../arm-none-eabi/lib/armv7-m/libg.a(lib_a-mallocr.o)
                0x00000000200708c8                __malloc_trim_threshold
 .data.__malloc_sbrk_base
                0x00000000200708cc        0x4 /Users/davidminnix/eclipse/cpp-neon/Eclipse.app/Contents/Eclipse/arduinoPlugin/tools/arduino/arm-none-eabi-gcc/4.8.3-2014q1/bin/../lib/gcc/arm-none-eabi/4.8.3/../../../../arm-none-eabi/lib/armv7-m/libg.a(lib_a-mallocr.o)
                0x00000000200708cc                __malloc_sbrk_base
 .data.__wctomb
                0x00000000200708d0        0x4 /Users/davidminnix/eclipse/cpp-neon/Eclipse.app/Contents/Eclipse/arduinoPlugin/tools/arduino/arm-none-eabi-gcc/4.8.3-2014q1/bin/../lib/gcc/arm-none-eabi/4.8.3/../../../../arm-none-eabi/lib/armv7-m/libg.a(lib_a-wctomb_r.o)
                0x00000000200708d0                __wctomb
                0x00000000200708d4                . = ALIGN (0x4)
                0x00000000200708d4                _erelocate = .

.bss            0x00000000200708d4      0xa2c load address 0x00000000000860b0
                0x00000000200708d4                . = ALIGN (0x4)
                0x00000000200708d4                _sbss = .
                0x00000000200708d4                _szero = .
 *(.bss .bss.*)
 .bss           0x00000000200708d4       0x1c /Users/davidminnix/eclipse/cpp-neon/Eclipse.app/Contents/Eclipse/arduinoPlugin/tools/arduino/arm-none-eabi-gcc/4.8.3-2014q1/bin/../lib/gcc/arm-none-eabi/4.8.3/armv7-m/crtbegin.o
 .bss.counter   0x00000000200708f0        0x4 ./.ino.cpp.o
                0x00000000200708f0                counter
 .bss.tx_buffer2
                0x00000000200708f4       0x88 arduino.ar(variant.cpp.o)
                0x00000000200708f4                tx_buffer2
 .bss.tx_buffer1
                0x000000002007097c       0x88 arduino.ar(variant.cpp.o)
                0x000000002007097c                tx_buffer1
 .bss.Serial    0x0000000020070a04       0x24 arduino.ar(variant.cpp.o)
                0x0000000020070a04                Serial
 .bss.rx_buffer1
                0x0000000020070a28       0x88 arduino.ar(variant.cpp.o)
                0x0000000020070a28                rx_buffer1
 .bss.Serial1   0x0000000020070ab0       0x28 arduino.ar(variant.cpp.o)
                0x0000000020070ab0                Serial1
 .bss.Serial2   0x0000000020070ad8       0x28 arduino.ar(variant.cpp.o)
                0x0000000020070ad8                Serial2
 .bss.Serial3   0x0000000020070b00       0x28 arduino.ar(variant.cpp.o)
                0x0000000020070b00                Serial3
 .bss.tx_buffer3
                0x0000000020070b28       0x88 arduino.ar(variant.cpp.o)
                0x0000000020070b28                tx_buffer3
 .bss.tx_buffer4
                0x0000000020070bb0       0x88 arduino.ar(variant.cpp.o)
                0x0000000020070bb0                tx_buffer4
 .bss.g_pinStatus
                0x0000000020070c38       0x4f arduino.ar(variant.cpp.o)
                0x0000000020070c38                g_pinStatus
 *fill*         0x0000000020070c87        0x1 
 .bss.rx_buffer2
                0x0000000020070c88       0x88 arduino.ar(variant.cpp.o)
                0x0000000020070c88                rx_buffer2
 .bss.rx_buffer3
                0x0000000020070d10       0x88 arduino.ar(variant.cpp.o)
                0x0000000020070d10                rx_buffer3
 .bss.rx_buffer4
                0x0000000020070d98       0x88 arduino.ar(variant.cpp.o)
                0x0000000020070d98                rx_buffer4
 .bss.heap.6420
                0x0000000020070e20        0x4 arduino.ar(syscalls_sam3.c.o)
 .bss._cmark    0x0000000020070e24        0x2 arduino.ar(USBCore.cpp.o)
                0x0000000020070e24                _cmark
 .bss._ZL14isEndpointHalt
                0x0000000020070e26        0x1 arduino.ar(USBCore.cpp.o)
 *fill*         0x0000000020070e27        0x1 
 .bss._cdcComposite
                0x0000000020070e28        0x4 arduino.ar(USBCore.cpp.o)
                0x0000000020070e28                _cdcComposite
 .bss._ZL21isRemoteWakeUpEnabled
                0x0000000020070e2c        0x1 arduino.ar(USBCore.cpp.o)
 *fill*         0x0000000020070e2d        0x3 
 .bss._usbInitialized
                0x0000000020070e30        0x4 arduino.ar(USBCore.cpp.o)
                0x0000000020070e30                _usbInitialized
 .bss.USBDevice
                0x0000000020070e34        0x1 arduino.ar(USBCore.cpp.o)
                0x0000000020070e34                USBDevice
 *fill*         0x0000000020070e35        0x3 
 .bss._usbSetInterface
                0x0000000020070e38        0x4 arduino.ar(USBCore.cpp.o)
                0x0000000020070e38                _usbSetInterface
 .bss._cend     0x0000000020070e3c        0x2 arduino.ar(USBCore.cpp.o)
                0x0000000020070e3c                _cend
 *fill*         0x0000000020070e3e        0x2 
 .bss._usbConfiguration
                0x0000000020070e40        0x4 arduino.ar(USBCore.cpp.o)
                0x0000000020070e40                _usbConfiguration
 .bss.cdc_rx_buffer
                0x0000000020070e44      0x208 arduino.ar(CDC.cpp.o)
                0x0000000020070e44                cdc_rx_buffer
 .bss._ZZN7Serial_6acceptEvE5guard
                0x000000002007104c        0x4 arduino.ar(CDC.cpp.o)
 .bss.SerialUSB
                0x0000000020071050       0x14 arduino.ar(CDC.cpp.o)
                0x0000000020071050                SerialUSB
 .bss._ZZ12PluggableUSBvE3obj
                0x0000000020071064        0x8 arduino.ar(PluggableUSB.cpp.o)
 .bss._ZGVZ12PluggableUSBvE3obj
                0x000000002007106c        0x4 arduino.ar(PluggableUSB.cpp.o)
 .bss._dwTickCount
                0x0000000020071070        0x4 /Users/davidminnix/eclipse/cpp-neon/Eclipse.app/Contents/Eclipse/arduinoPlugin/packages/arduino/hardware/sam/1.6.11/variants/arduino_due_x/libsam_sam3x8e_gcc_rel.a(timetick.o)
 .bss.gpf_isr   0x0000000020071074        0x4 /Users/davidminnix/eclipse/cpp-neon/Eclipse.app/Contents/Eclipse/arduinoPlugin/packages/arduino/hardware/sam/1.6.11/variants/arduino_due_x/libsam_sam3x8e_gcc_rel.a(uotghs.o)
                0x0000000020071074                gpf_isr
 .bss.ul_recv_fifo_ptr
                0x0000000020071078       0x28 /Users/davidminnix/eclipse/cpp-neon/Eclipse.app/Contents/Eclipse/arduinoPlugin/packages/arduino/hardware/sam/1.6.11/variants/arduino_due_x/libsam_sam3x8e_gcc_rel.a(uotghs_device.o)
 .bss.ul_send_fifo_ptr
                0x00000000200710a0       0x28 /Users/davidminnix/eclipse/cpp-neon/Eclipse.app/Contents/Eclipse/arduinoPlugin/packages/arduino/hardware/sam/1.6.11/variants/arduino_due_x/libsam_sam3x8e_gcc_rel.a(uotghs_device.o)
 .bss.callbacksPioA
                0x00000000200710c8       0x80 arduino.ar(WInterrupts.c.o)
 .bss.callbacksPioB
                0x0000000020071148       0x80 arduino.ar(WInterrupts.c.o)
 .bss.callbacksPioC
                0x00000000200711c8       0x80 arduino.ar(WInterrupts.c.o)
 .bss.callbacksPioD
                0x0000000020071248       0x80 arduino.ar(WInterrupts.c.o)
 .bss.__malloc_max_total_mem
                0x00000000200712c8        0x4 /Users/davidminnix/eclipse/cpp-neon/Eclipse.app/Contents/Eclipse/arduinoPlugin/tools/arduino/arm-none-eabi-gcc/4.8.3-2014q1/bin/../lib/gcc/arm-none-eabi/4.8.3/../../../../arm-none-eabi/lib/armv7-m/libg.a(lib_a-mallocr.o)
                0x00000000200712c8                __malloc_max_total_mem
 .bss.__malloc_max_sbrked_mem
                0x00000000200712cc        0x4 /Users/davidminnix/eclipse/cpp-neon/Eclipse.app/Contents/Eclipse/arduinoPlugin/tools/arduino/arm-none-eabi-gcc/4.8.3-2014q1/bin/../lib/gcc/arm-none-eabi/4.8.3/../../../../arm-none-eabi/lib/armv7-m/libg.a(lib_a-mallocr.o)
                0x00000000200712cc                __malloc_max_sbrked_mem
 .bss.__malloc_top_pad
                0x00000000200712d0        0x4 /Users/davidminnix/eclipse/cpp-neon/Eclipse.app/Contents/Eclipse/arduinoPlugin/tools/arduino/arm-none-eabi-gcc/4.8.3-2014q1/bin/../lib/gcc/arm-none-eabi/4.8.3/../../../../arm-none-eabi/lib/armv7-m/libg.a(lib_a-mallocr.o)
                0x00000000200712d0                __malloc_top_pad
 .bss.__malloc_current_mallinfo
                0x00000000200712d4       0x28 /Users/davidminnix/eclipse/cpp-neon/Eclipse.app/Contents/Eclipse/arduinoPlugin/tools/arduino/arm-none-eabi-gcc/4.8.3-2014q1/bin/../lib/gcc/arm-none-eabi/4.8.3/../../../../arm-none-eabi/lib/armv7-m/libg.a(lib_a-mallocr.o)
                0x00000000200712d4                __malloc_current_mallinfo
 *(COMMON)
 COMMON         0x00000000200712fc        0x4 /Users/davidminnix/eclipse/cpp-neon/Eclipse.app/Contents/Eclipse/arduinoPlugin/tools/arduino/arm-none-eabi-gcc/4.8.3-2014q1/bin/../lib/gcc/arm-none-eabi/4.8.3/../../../../arm-none-eabi/lib/armv7-m/libg.a(lib_a-reent.o)
                0x00000000200712fc                errno
                0x0000000020071300                . = ALIGN (0x4)
                0x0000000020071300                _ebss = .
                0x0000000020071300                _ezero = .
                0x0000000020071300                . = ALIGN (0x4)
                0x0000000020071300                _end = .

.stack_dummy    0x0000000020071300        0x0
 *(.stack*)
                0x0000000020088000                __StackTop = (ORIGIN (ram) + 0x18000)
                0x0000000020088000                __StackLimit = (__StackTop - SIZEOF (.stack_dummy))
                0x0000000020088000                PROVIDE (_sstack, __StackLimit)
                0x0000000020088000                PROVIDE (_estack, __StackTop)
OUTPUT(/Users/davidminnix/Documents/workspace-due-custom/due_project_runner/Release/due_project_runner.elf elf32-littlearm)

.ARM.attributes
                0x0000000000000000       0x29
 .ARM.attributes
                0x0000000000000000       0x1d /Users/davidminnix/eclipse/cpp-neon/Eclipse.app/Contents/Eclipse/arduinoPlugin/tools/arduino/arm-none-eabi-gcc/4.8.3-2014q1/bin/../lib/gcc/arm-none-eabi/4.8.3/armv7-m/crti.o
 .ARM.attributes
                0x000000000000001d       0x2d /Users/davidminnix/eclipse/cpp-neon/Eclipse.app/Contents/Eclipse/arduinoPlugin/tools/arduino/arm-none-eabi-gcc/4.8.3-2014q1/bin/../lib/gcc/arm-none-eabi/4.8.3/armv7-m/crtbegin.o
 .ARM.attributes
                0x000000000000004a       0x33 ./.ino.cpp.o
 .ARM.attributes
                0x000000000000007d       0x33 ./libraries/src/factorial.cpp.o
 .ARM.attributes
                0x00000000000000b0       0x33 arduino.ar(variant.cpp.o)
 .ARM.attributes
                0x00000000000000e3       0x33 arduino.ar(Print.cpp.o)
 .ARM.attributes
                0x0000000000000116       0x33 arduino.ar(RingBuffer.cpp.o)
 .ARM.attributes
                0x0000000000000149       0x33 arduino.ar(UARTClass.cpp.o)
 .ARM.attributes
                0x000000000000017c       0x33 arduino.ar(USARTClass.cpp.o)
 .ARM.attributes
                0x00000000000001af       0x33 arduino.ar(main.cpp.o)
 .ARM.attributes
                0x00000000000001e2       0x33 arduino.ar(syscalls_sam3.c.o)
 .ARM.attributes
                0x0000000000000215       0x33 arduino.ar(watchdog.cpp.o)
 .ARM.attributes
                0x0000000000000248       0x33 arduino.ar(wiring.c.o)
 .ARM.attributes
                0x000000000000027b       0x33 arduino.ar(wiring_analog.c.o)
 .ARM.attributes
                0x00000000000002ae       0x33 arduino.ar(wiring_digital.c.o)
 .ARM.attributes
                0x00000000000002e1       0x33 arduino.ar(USBCore.cpp.o)
 .ARM.attributes
                0x0000000000000314       0x33 arduino.ar(hooks.c.o)
 .ARM.attributes
                0x0000000000000347       0x33 arduino.ar(CDC.cpp.o)
 .ARM.attributes
                0x000000000000037a       0x33 arduino.ar(PluggableUSB.cpp.o)
 .ARM.attributes
                0x00000000000003ad       0x33 arduino.ar(Reset.cpp.o)
 .ARM.attributes
                0x00000000000003e0       0x33 /Users/davidminnix/eclipse/cpp-neon/Eclipse.app/Contents/Eclipse/arduinoPlugin/packages/arduino/hardware/sam/1.6.11/variants/arduino_due_x/libsam_sam3x8e_gcc_rel.a(pio.o)
 .ARM.attributes
                0x0000000000000413       0x33 /Users/davidminnix/eclipse/cpp-neon/Eclipse.app/Contents/Eclipse/arduinoPlugin/packages/arduino/hardware/sam/1.6.11/variants/arduino_due_x/libsam_sam3x8e_gcc_rel.a(pmc.o)
 .ARM.attributes
                0x0000000000000446       0x33 /Users/davidminnix/eclipse/cpp-neon/Eclipse.app/Contents/Eclipse/arduinoPlugin/packages/arduino/hardware/sam/1.6.11/variants/arduino_due_x/libsam_sam3x8e_gcc_rel.a(timetick.o)
 .ARM.attributes
                0x0000000000000479       0x33 /Users/davidminnix/eclipse/cpp-neon/Eclipse.app/Contents/Eclipse/arduinoPlugin/packages/arduino/hardware/sam/1.6.11/variants/arduino_due_x/libsam_sam3x8e_gcc_rel.a(wdt.o)
 .ARM.attributes
                0x00000000000004ac       0x33 /Users/davidminnix/eclipse/cpp-neon/Eclipse.app/Contents/Eclipse/arduinoPlugin/packages/arduino/hardware/sam/1.6.11/variants/arduino_due_x/libsam_sam3x8e_gcc_rel.a(system_sam3xa.o)
 .ARM.attributes
                0x00000000000004df       0x33 /Users/davidminnix/eclipse/cpp-neon/Eclipse.app/Contents/Eclipse/arduinoPlugin/packages/arduino/hardware/sam/1.6.11/variants/arduino_due_x/libsam_sam3x8e_gcc_rel.a(startup_sam3xa.o)
 .ARM.attributes
                0x0000000000000512       0x33 /Users/davidminnix/eclipse/cpp-neon/Eclipse.app/Contents/Eclipse/arduinoPlugin/packages/arduino/hardware/sam/1.6.11/variants/arduino_due_x/libsam_sam3x8e_gcc_rel.a(adc.o)
 .ARM.attributes
                0x0000000000000545       0x33 /Users/davidminnix/eclipse/cpp-neon/Eclipse.app/Contents/Eclipse/arduinoPlugin/packages/arduino/hardware/sam/1.6.11/variants/arduino_due_x/libsam_sam3x8e_gcc_rel.a(uotghs.o)
 .ARM.attributes
                0x0000000000000578       0x33 /Users/davidminnix/eclipse/cpp-neon/Eclipse.app/Contents/Eclipse/arduinoPlugin/packages/arduino/hardware/sam/1.6.11/variants/arduino_due_x/libsam_sam3x8e_gcc_rel.a(interrupt_sam_nvic.o)
 .ARM.attributes
                0x00000000000005ab       0x33 /Users/davidminnix/eclipse/cpp-neon/Eclipse.app/Contents/Eclipse/arduinoPlugin/packages/arduino/hardware/sam/1.6.11/variants/arduino_due_x/libsam_sam3x8e_gcc_rel.a(uotghs_device.o)
 .ARM.attributes
                0x00000000000005de       0x33 arduino.ar(WInterrupts.c.o)
 .ARM.attributes
                0x0000000000000611       0x33 arduino.ar(cortex_handlers.c.o)
 .ARM.attributes
                0x0000000000000644       0x2d /Users/davidminnix/eclipse/cpp-neon/Eclipse.app/Contents/Eclipse/arduinoPlugin/tools/arduino/arm-none-eabi-gcc/4.8.3-2014q1/bin/../lib/gcc/arm-none-eabi/4.8.3/../../../../arm-none-eabi/lib/armv7-m/libg.a(lib_a-impure.o)
 .ARM.attributes
                0x0000000000000671       0x2d /Users/davidminnix/eclipse/cpp-neon/Eclipse.app/Contents/Eclipse/arduinoPlugin/tools/arduino/arm-none-eabi-gcc/4.8.3-2014q1/bin/../lib/gcc/arm-none-eabi/4.8.3/../../../../arm-none-eabi/lib/armv7-m/libg.a(lib_a-init.o)
 .ARM.attributes
                0x000000000000069e       0x2d /Users/davidminnix/eclipse/cpp-neon/Eclipse.app/Contents/Eclipse/arduinoPlugin/tools/arduino/arm-none-eabi-gcc/4.8.3-2014q1/bin/../lib/gcc/arm-none-eabi/4.8.3/../../../../arm-none-eabi/lib/armv7-m/libg.a(lib_a-iprintf.o)
 .ARM.attributes
                0x00000000000006cb       0x2d /Users/davidminnix/eclipse/cpp-neon/Eclipse.app/Contents/Eclipse/arduinoPlugin/tools/arduino/arm-none-eabi-gcc/4.8.3-2014q1/bin/../lib/gcc/arm-none-eabi/4.8.3/../../../../arm-none-eabi/lib/armv7-m/libg.a(lib_a-memset.o)
 .ARM.attributes
                0x00000000000006f8       0x2d /Users/davidminnix/eclipse/cpp-neon/Eclipse.app/Contents/Eclipse/arduinoPlugin/tools/arduino/arm-none-eabi-gcc/4.8.3-2014q1/bin/../lib/gcc/arm-none-eabi/4.8.3/../../../../arm-none-eabi/lib/armv7-m/libg.a(lib_a-strlen.o)
 .ARM.attributes
                0x0000000000000725       0x2d /Users/davidminnix/eclipse/cpp-neon/Eclipse.app/Contents/Eclipse/arduinoPlugin/tools/arduino/arm-none-eabi-gcc/4.8.3-2014q1/bin/../lib/gcc/arm-none-eabi/4.8.3/../../../../arm-none-eabi/lib/armv7-m/libg.a(lib_a-syskill.o)
 .ARM.attributes
                0x0000000000000752       0x2d /Users/davidminnix/eclipse/cpp-neon/Eclipse.app/Contents/Eclipse/arduinoPlugin/tools/arduino/arm-none-eabi-gcc/4.8.3-2014q1/bin/../lib/gcc/arm-none-eabi/4.8.3/../../../../arm-none-eabi/lib/armv7-m/libg.a(lib_a-vfiprintf.o)
 .ARM.attributes
                0x000000000000077f       0x2d /Users/davidminnix/eclipse/cpp-neon/Eclipse.app/Contents/Eclipse/arduinoPlugin/tools/arduino/arm-none-eabi-gcc/4.8.3-2014q1/bin/../lib/gcc/arm-none-eabi/4.8.3/../../../../arm-none-eabi/lib/armv7-m/libg.a(lib_a-wsetup.o)
 .ARM.attributes
                0x00000000000007ac       0x2d /Users/davidminnix/eclipse/cpp-neon/Eclipse.app/Contents/Eclipse/arduinoPlugin/tools/arduino/arm-none-eabi-gcc/4.8.3-2014q1/bin/../lib/gcc/arm-none-eabi/4.8.3/../../../../arm-none-eabi/lib/armv7-m/libg.a(lib_a-__call_atexit.o)
 .ARM.attributes
                0x00000000000007d9       0x2d /Users/davidminnix/eclipse/cpp-neon/Eclipse.app/Contents/Eclipse/arduinoPlugin/tools/arduino/arm-none-eabi-gcc/4.8.3-2014q1/bin/../lib/gcc/arm-none-eabi/4.8.3/../../../../arm-none-eabi/lib/armv7-m/libg.a(lib_a-atexit.o)
 .ARM.attributes
                0x0000000000000806       0x2d /Users/davidminnix/eclipse/cpp-neon/Eclipse.app/Contents/Eclipse/arduinoPlugin/tools/arduino/arm-none-eabi-gcc/4.8.3-2014q1/bin/../lib/gcc/arm-none-eabi/4.8.3/../../../../arm-none-eabi/lib/armv7-m/libg.a(lib_a-fflush.o)
 .ARM.attributes
                0x0000000000000833       0x2d /Users/davidminnix/eclipse/cpp-neon/Eclipse.app/Contents/Eclipse/arduinoPlugin/tools/arduino/arm-none-eabi-gcc/4.8.3-2014q1/bin/../lib/gcc/arm-none-eabi/4.8.3/../../../../arm-none-eabi/lib/armv7-m/libg.a(lib_a-findfp.o)
 .ARM.attributes
                0x0000000000000860       0x2d /Users/davidminnix/eclipse/cpp-neon/Eclipse.app/Contents/Eclipse/arduinoPlugin/tools/arduino/arm-none-eabi-gcc/4.8.3-2014q1/bin/../lib/gcc/arm-none-eabi/4.8.3/../../../../arm-none-eabi/lib/armv7-m/libg.a(lib_a-fini.o)
 .ARM.attributes
                0x000000000000088d       0x2d /Users/davidminnix/eclipse/cpp-neon/Eclipse.app/Contents/Eclipse/arduinoPlugin/tools/arduino/arm-none-eabi-gcc/4.8.3-2014q1/bin/../lib/gcc/arm-none-eabi/4.8.3/../../../../arm-none-eabi/lib/armv7-m/libg.a(lib_a-fputwc.o)
 .ARM.attributes
                0x00000000000008ba       0x2d /Users/davidminnix/eclipse/cpp-neon/Eclipse.app/Contents/Eclipse/arduinoPlugin/tools/arduino/arm-none-eabi-gcc/4.8.3-2014q1/bin/../lib/gcc/arm-none-eabi/4.8.3/../../../../arm-none-eabi/lib/armv7-m/libg.a(lib_a-freer.o)
 .ARM.attributes
                0x00000000000008e7       0x2d /Users/davidminnix/eclipse/cpp-neon/Eclipse.app/Contents/Eclipse/arduinoPlugin/tools/arduino/arm-none-eabi-gcc/4.8.3-2014q1/bin/../lib/gcc/arm-none-eabi/4.8.3/../../../../arm-none-eabi/lib/armv7-m/libg.a(lib_a-fvwrite.o)
 .ARM.attributes
                0x0000000000000914       0x2d /Users/davidminnix/eclipse/cpp-neon/Eclipse.app/Contents/Eclipse/arduinoPlugin/tools/arduino/arm-none-eabi-gcc/4.8.3-2014q1/bin/../lib/gcc/arm-none-eabi/4.8.3/../../../../arm-none-eabi/lib/armv7-m/libg.a(lib_a-fwalk.o)
 .ARM.attributes
                0x0000000000000941       0x2d /Users/davidminnix/eclipse/cpp-neon/Eclipse.app/Contents/Eclipse/arduinoPlugin/tools/arduino/arm-none-eabi-gcc/4.8.3-2014q1/bin/../lib/gcc/arm-none-eabi/4.8.3/../../../../arm-none-eabi/lib/armv7-m/libg.a(lib_a-locale.o)
 .ARM.attributes
                0x000000000000096e       0x2d /Users/davidminnix/eclipse/cpp-neon/Eclipse.app/Contents/Eclipse/arduinoPlugin/tools/arduino/arm-none-eabi-gcc/4.8.3-2014q1/bin/../lib/gcc/arm-none-eabi/4.8.3/../../../../arm-none-eabi/lib/armv7-m/libg.a(lib_a-makebuf.o)
 .ARM.attributes
                0x000000000000099b       0x2d /Users/davidminnix/eclipse/cpp-neon/Eclipse.app/Contents/Eclipse/arduinoPlugin/tools/arduino/arm-none-eabi-gcc/4.8.3-2014q1/bin/../lib/gcc/arm-none-eabi/4.8.3/../../../../arm-none-eabi/lib/armv7-m/libg.a(lib_a-mallocr.o)
 .ARM.attributes
                0x00000000000009c8       0x2d /Users/davidminnix/eclipse/cpp-neon/Eclipse.app/Contents/Eclipse/arduinoPlugin/tools/arduino/arm-none-eabi-gcc/4.8.3-2014q1/bin/../lib/gcc/arm-none-eabi/4.8.3/../../../../arm-none-eabi/lib/armv7-m/libg.a(lib_a-memchr-stub.o)
 .ARM.attributes
                0x00000000000009f5       0x1b /Users/davidminnix/eclipse/cpp-neon/Eclipse.app/Contents/Eclipse/arduinoPlugin/tools/arduino/arm-none-eabi-gcc/4.8.3-2014q1/bin/../lib/gcc/arm-none-eabi/4.8.3/../../../../arm-none-eabi/lib/armv7-m/libg.a(lib_a-memcpy.o)
 .ARM.attributes
                0x0000000000000a10       0x2d /Users/davidminnix/eclipse/cpp-neon/Eclipse.app/Contents/Eclipse/arduinoPlugin/tools/arduino/arm-none-eabi-gcc/4.8.3-2014q1/bin/../lib/gcc/arm-none-eabi/4.8.3/../../../../arm-none-eabi/lib/armv7-m/libg.a(lib_a-memmove.o)
 .ARM.attributes
                0x0000000000000a3d       0x2d /Users/davidminnix/eclipse/cpp-neon/Eclipse.app/Contents/Eclipse/arduinoPlugin/tools/arduino/arm-none-eabi-gcc/4.8.3-2014q1/bin/../lib/gcc/arm-none-eabi/4.8.3/../../../../arm-none-eabi/lib/armv7-m/libg.a(lib_a-mlock.o)
 .ARM.attributes
                0x0000000000000a6a       0x2d /Users/davidminnix/eclipse/cpp-neon/Eclipse.app/Contents/Eclipse/arduinoPlugin/tools/arduino/arm-none-eabi-gcc/4.8.3-2014q1/bin/../lib/gcc/arm-none-eabi/4.8.3/../../../../arm-none-eabi/lib/armv7-m/libg.a(lib_a-reallocr.o)
 .ARM.attributes
                0x0000000000000a97       0x2d /Users/davidminnix/eclipse/cpp-neon/Eclipse.app/Contents/Eclipse/arduinoPlugin/tools/arduino/arm-none-eabi-gcc/4.8.3-2014q1/bin/../lib/gcc/arm-none-eabi/4.8.3/../../../../arm-none-eabi/lib/armv7-m/libg.a(lib_a-sbrkr.o)
 .ARM.attributes
                0x0000000000000ac4       0x2d /Users/davidminnix/eclipse/cpp-neon/Eclipse.app/Contents/Eclipse/arduinoPlugin/tools/arduino/arm-none-eabi-gcc/4.8.3-2014q1/bin/../lib/gcc/arm-none-eabi/4.8.3/../../../../arm-none-eabi/lib/armv7-m/libg.a(lib_a-signalr.o)
 .ARM.attributes
                0x0000000000000af1       0x2d /Users/davidminnix/eclipse/cpp-neon/Eclipse.app/Contents/Eclipse/arduinoPlugin/tools/arduino/arm-none-eabi-gcc/4.8.3-2014q1/bin/../lib/gcc/arm-none-eabi/4.8.3/../../../../arm-none-eabi/lib/armv7-m/libg.a(lib_a-stdio.o)
 .ARM.attributes
                0x0000000000000b1e       0x2d /Users/davidminnix/eclipse/cpp-neon/Eclipse.app/Contents/Eclipse/arduinoPlugin/tools/arduino/arm-none-eabi-gcc/4.8.3-2014q1/bin/../lib/gcc/arm-none-eabi/4.8.3/../../../../arm-none-eabi/lib/armv7-m/libg.a(lib_a-wbuf.o)
 .ARM.attributes
                0x0000000000000b4b       0x2d /Users/davidminnix/eclipse/cpp-neon/Eclipse.app/Contents/Eclipse/arduinoPlugin/tools/arduino/arm-none-eabi-gcc/4.8.3-2014q1/bin/../lib/gcc/arm-none-eabi/4.8.3/../../../../arm-none-eabi/lib/armv7-m/libg.a(lib_a-wcrtomb.o)
 .ARM.attributes
                0x0000000000000b78       0x2d /Users/davidminnix/eclipse/cpp-neon/Eclipse.app/Contents/Eclipse/arduinoPlugin/tools/arduino/arm-none-eabi-gcc/4.8.3-2014q1/bin/../lib/gcc/arm-none-eabi/4.8.3/../../../../arm-none-eabi/lib/armv7-m/libg.a(lib_a-wctomb_r.o)
 .ARM.attributes
                0x0000000000000ba5       0x2d /Users/davidminnix/eclipse/cpp-neon/Eclipse.app/Contents/Eclipse/arduinoPlugin/tools/arduino/arm-none-eabi-gcc/4.8.3-2014q1/bin/../lib/gcc/arm-none-eabi/4.8.3/../../../../arm-none-eabi/lib/armv7-m/libg.a(lib_a-writer.o)
 .ARM.attributes
                0x0000000000000bd2       0x2d /Users/davidminnix/eclipse/cpp-neon/Eclipse.app/Contents/Eclipse/arduinoPlugin/tools/arduino/arm-none-eabi-gcc/4.8.3-2014q1/bin/../lib/gcc/arm-none-eabi/4.8.3/../../../../arm-none-eabi/lib/armv7-m/libg.a(lib_a-__atexit.o)
 .ARM.attributes
                0x0000000000000bff       0x2d /Users/davidminnix/eclipse/cpp-neon/Eclipse.app/Contents/Eclipse/arduinoPlugin/tools/arduino/arm-none-eabi-gcc/4.8.3-2014q1/bin/../lib/gcc/arm-none-eabi/4.8.3/../../../../arm-none-eabi/lib/armv7-m/libg.a(lib_a-closer.o)
 .ARM.attributes
                0x0000000000000c2c       0x2d /Users/davidminnix/eclipse/cpp-neon/Eclipse.app/Contents/Eclipse/arduinoPlugin/tools/arduino/arm-none-eabi-gcc/4.8.3-2014q1/bin/../lib/gcc/arm-none-eabi/4.8.3/../../../../arm-none-eabi/lib/armv7-m/libg.a(lib_a-fclose.o)
 .ARM.attributes
                0x0000000000000c59       0x2d /Users/davidminnix/eclipse/cpp-neon/Eclipse.app/Contents/Eclipse/arduinoPlugin/tools/arduino/arm-none-eabi-gcc/4.8.3-2014q1/bin/../lib/gcc/arm-none-eabi/4.8.3/../../../../arm-none-eabi/lib/armv7-m/libg.a(lib_a-fstatr.o)
 .ARM.attributes
                0x0000000000000c86       0x2d /Users/davidminnix/eclipse/cpp-neon/Eclipse.app/Contents/Eclipse/arduinoPlugin/tools/arduino/arm-none-eabi-gcc/4.8.3-2014q1/bin/../lib/gcc/arm-none-eabi/4.8.3/../../../../arm-none-eabi/lib/armv7-m/libg.a(lib_a-isattyr.o)
 .ARM.attributes
                0x0000000000000cb3       0x2d /Users/davidminnix/eclipse/cpp-neon/Eclipse.app/Contents/Eclipse/arduinoPlugin/tools/arduino/arm-none-eabi-gcc/4.8.3-2014q1/bin/../lib/gcc/arm-none-eabi/4.8.3/../../../../arm-none-eabi/lib/armv7-m/libg.a(lib_a-lseekr.o)
 .ARM.attributes
                0x0000000000000ce0       0x2d /Users/davidminnix/eclipse/cpp-neon/Eclipse.app/Contents/Eclipse/arduinoPlugin/tools/arduino/arm-none-eabi-gcc/4.8.3-2014q1/bin/../lib/gcc/arm-none-eabi/4.8.3/../../../../arm-none-eabi/lib/armv7-m/libg.a(lib_a-readr.o)
 .ARM.attributes
                0x0000000000000d0d       0x2d /Users/davidminnix/eclipse/cpp-neon/Eclipse.app/Contents/Eclipse/arduinoPlugin/tools/arduino/arm-none-eabi-gcc/4.8.3-2014q1/bin/../lib/gcc/arm-none-eabi/4.8.3/../../../../arm-none-eabi/lib/armv7-m/libg.a(lib_a-reent.o)
 .ARM.attributes